                   :-) GROMACS - gmx mdrun, 2025.3-spack (-:

Copyright 1991-2025 The GROMACS Authors.
GROMACS is free software; you can redistribute it and/or modify it
under the terms of the GNU Lesser General Public License
as published by the Free Software Foundation; either version 2.1
of the License, or (at your option) any later version.

                         Current GROMACS contributors:
       Mark Abraham           Andrey Alekseenko           Brian Andrews       
      Vladimir Basov              Paul Bauer                Hugh Bird         
      Eliane Briand               Ania Brown              Mahesh Doijade      
      Giacomo Fiorin          Stefan Fleischmann          Sergey Gorelov      
   Gilles Gouaillardet            Alan Gray              M. Eric Irrgang      
   Farzaneh Jalalypour         Petter Johansson          Carsten Kutzner      
    Grzegorz Łazarski         Justin A. Lemkul          Magnus Lundborg      
       Pascal Merz             Vedran Miletić            Dmitry Morozov      
     Lukas Müllender            Julien Nabet             Szilárd Páll      
 Andrea Pasquadibisceglie     Michele Pellegrino         Nicola Piasentin     
     Daniele Rapetti         Muhammad Umair Sadiq         Hubert Santuz       
      Roland Schulz             Michael Shirts           Tatiana Shugaeva     
     Alexey Shvetsov            Philip Turner            Alessandra Villa     
 Sebastian Wingbermühle  

                         Previous GROMACS contributors:
        Emile Apol             Rossen Apostolov           James Barnett       
  Herman J.C. Berendsen         Cathrine Bergh             Par Bjelkmar       
      Christian Blau          Viacheslav Bolnykh            Kevin Boyd        
    Aldert van Buuren          Carlo Camilloni           Rudi van Drunen      
      Anton Feenstra           Oliver Fleetwood            Vytas Gapsys       
       Gaurav Garg             Gerrit Groenhof            Bert de Groot       
      Anca Hamuraru           Vincent Hindriksen          Victor Holanda      
     Aleksei Iupinov              Joe Jordan            Christoph Junghans    
    Prashanth Kanduri        Dimitrios Karkoulis           Peter Kasson       
      Sebastian Kehl           Sebastian Keller             Jiri Kraus        
       Per Larsson              Viveca Lindahl            Erik Marklund       
    Pieter Meulenhoff           Teemu Murtola              Sander Pronk       
      Alfons Sijbers            Balint Soproni         David van der Spoel    
      Peter Tieleman            Carsten Uphoff             Jon Vincent        
     Teemu Virolainen         Christian Wennberg           Maarten Wolf       
      Artem Zhmurov       

                  Coordinated by the GROMACS project leaders:
                           Berk Hess and Erik Lindahl

GROMACS:      gmx mdrun, version 2025.3-spack
Executable:   /home/victoryang00/sc26-repro/artifact/figures_6_9_live/20260807T_fig8_live/inputs/./gmx_mpi
Data prefix:  /opt/spack/opt/spack/linux-sapphirerapids/gromacs-2025.3-mnuvqwb2gsbcfocba4ivxorqufgahbf2
Working dir:  /home/victoryang00/sc26-repro/artifact/figures_6_9_live/20260807T_fig8_live/inputs
Process ID:   14
Command line:
  gmx_mpi mdrun -s benchMEM.tpr -nsteps 4 -ntomp 4 -ntmpi 1 -noconfout -noappend -deffnm direct-smoke

GROMACS version:     2025.3-spack
Precision:           mixed
Memory model:        64 bit
MPI library:         MPI
MPI library version: Open MPI v5.0.10, package: Debian OpenMPI, ident: 5.0.10, repo rev: v5.0.10, Feb 23, 2026
OpenMP support:      enabled (GMX_OPENMP_MAX_THREADS = 128)
GPU support:         disabled
SIMD instructions:   AVX_512
CPU FFT library:     fftw-3.3.10-sse2-avx-avx2-avx2_128-avx512
GPU FFT library:     none
Multi-GPU FFT:       none
RDTSCP usage:        enabled
TNG support:         enabled
Hwloc support:       hwloc-2.11.1
Tracing support:     disabled
C compiler:          /opt/spack/opt/spack/linux-sapphirerapids/compiler-wrapper-1.0-nse4eywmrezmslznjhlivygvuuqt7u3o/libexec/spack/gcc/gcc GNU 15.0.1
C compiler flags:    -fexcess-precision=fast -funroll-all-loops -march=skylake-avx512 -Wno-missing-field-initializers -O3 -DNDEBUG
C++ compiler:        /opt/spack/opt/spack/linux-sapphirerapids/compiler-wrapper-1.0-nse4eywmrezmslznjhlivygvuuqt7u3o/libexec/spack/gcc/g++ GNU 15.0.1
C++ compiler flags:  -fexcess-precision=fast -funroll-all-loops -march=skylake-avx512 -Wno-missing-field-initializers -Wno-old-style-cast -Wno-cast-qual -Wno-suggest-override -Wno-suggest-destructor-override -Wno-zero-as-null-pointer-constant -Wno-cast-function-type-strict SHELL:-fopenmp -O3 -DNDEBUG
BLAS library:        External - user-supplied
LAPACK library:      External - user-supplied


Running on 1 node with total 86 cores, 172 processing units
Hardware detected on host gpu01 (the node of MPI rank 0):
  CPU info:
    Vendor: Intel
    Brand:  Intel(R) Xeon(R) 6787P
    Family: 6   Model: 173   Stepping: 1
    Features: aes apic avx avx2 avx512f avx512cd avx512bw avx512vl avx512bf16 avx512secondFMA clfsh cmov cx8 cx16 f16c fma htt intel lahf mmx msr nonstop_tsc pcid pclmuldq pdcm pdpe1gb popcnt pse rdrnd rdtscp sha sse2 sse3 sse4.1 sse4.2 ssse3 tdt x2apic
    Number of AVX-512 FMA units: 2
  Hardware topology: Full, with devices
    Packages, cores, and logical processors:
    [indices refer to OS logical processors]
      Package  0: [   0  86] [   1  87] [   2  88] [   3  89] [   4  90] [   5  91] [   6  92] [   7  93] [   8  94] [   9  95] [  10  96] [  11  97] [  12  98] [  13  99] [  14 100] [  15 101] [  16 102] [  17 103] [  18 104] [  19 105] [  20 106] [  21 107] [  22 108] [  23 109] [  24 110] [  25 111] [  26 112] [  27 113] [  28 114] [  29 115] [  30 116] [  31 117] [  32 118] [  33 119] [  34 120] [  35 121] [  36 122] [  37 123] [  38 124] [  39 125] [  40 126] [  41 127] [  42 128] [  43 129] [  44 130] [  45 131] [  46 132] [  47 133] [  48 134] [  49 135] [  50 136] [  51 137] [  52 138] [  53 139] [  54 140] [  55 141] [  56 142] [  57 143] [  58 144] [  59 145] [  60 146] [  61 147] [  62 148] [  63 149] [  64 150] [  65 151] [  66 152] [  67 153] [  68 154] [  69 155] [  70 156] [  71 157] [  72 158] [  73 159] [  74 160] [  75 161] [  76 162] [  77 163] [  78 164] [  79 165] [  80 166] [  81 167] [  82 168] [  83 169] [  84 170] [  85 171]
    CPU limit set by OS: -1   Recommended max number of threads: 172
    Numa nodes:
      Node  0 (66928160768 bytes mem):   0  86   1  87   2  88   3  89   4  90   5  91   6  92   7  93   8  94   9  95  10  96  11  97  12  98  13  99  14 100  15 101  16 102  17 103  18 104  19 105  20 106  21 107  22 108  23 109  24 110  25 111  26 112  27 113  28 114  29 115  30 116  31 117  32 118  33 119  34 120  35 121  36 122  37 123  38 124  39 125  40 126  41 127  42 128
      Node  1 (67426357248 bytes mem):  43 129  44 130  45 131  46 132  47 133  48 134  49 135  50 136  51 137  52 138  53 139  54 140  55 141  56 142  57 143  58 144  59 145  60 146  61 147  62 148  63 149  64 150  65 151  66 152  67 153  68 154  69 155  70 156  71 157  72 158  73 159  74 160  75 161  76 162  77 163  78 164  79 165  80 166  81 167  82 168  83 169  84 170  85 171
      Latency:
               0     1
         0  1.00  1.20
         1  1.20  1.00
    Caches:
      L1: 49152 bytes, linesize 64 bytes, assoc. 12, shared 2 ways
      L2: 2097152 bytes, linesize 64 bytes, assoc. 16, shared 2 ways
      L3: 352321536 bytes, linesize 64 bytes, assoc. 16, shared 172 ways
    PCI devices:
      0000:01:00.0  Id: 8086:4944  Class: 0x0b40  Numa: 0
      0000:03:00.0  Id: 8086:2714  Class: 0x0b40  Numa: 0
      0000:06:00.0  Id: 8086:4944  Class: 0x0b40  Numa: 0
      0000:08:00.0  Id: 8086:2714  Class: 0x0b40  Numa: 0
      0000:3e:00.0  Id: c0a9:540a  Class: 0x0108  Numa: 0
      0000:3f:00.0  Id: 1d97:1602  Class: 0x0108  Numa: 0
      0000:40:00.0  Id: 1b21:1164  Class: 0x0106  Numa: 0
      0000:64:00.0  Id: 1b00:c002  Class: 0x0502  Numa: 0
      0000:8a:00.0  Id: 10de:2bb5  Class: 0x0302  Numa: 0
      0000:0b:00.0  Id: 8086:4944  Class: 0x0b40  Numa: 1
      0000:0d:00.0  Id: 8086:2714  Class: 0x0b40  Numa: 1
      0000:10:00.0  Id: 8086:4944  Class: 0x0b40  Numa: 1
      0000:12:00.0  Id: 8086:2714  Class: 0x0b40  Numa: 1
      0000:b0:00.0  Id: 8086:1533  Class: 0x0200  Numa: 1
      0000:b2:00.0  Id: 1a03:2000  Class: 0x0300  Numa: 1
      0000:d7:00.0  Id: 144d:a825  Class: 0x0108  Numa: 1
      0000:d8:00.0  Id: 1e0f:002c  Class: 0x0108  Numa: 1


++++ PLEASE READ AND CITE THE FOLLOWING REFERENCE ++++
M. J. Abraham, T. Murtola, R. Schulz, S. Páll, J. C. Smith, B. Hess, E.
Lindahl
GROMACS: High performance molecular simulations through multi-level
parallelism from laptops to supercomputers
SoftwareX (2015)
DOI: 10.1016/j.softx.2015.06.001
-------- -------- --- Thank You --- -------- --------


++++ PLEASE READ AND CITE THE FOLLOWING REFERENCE ++++
S. Páll, M. J. Abraham, C. Kutzner, B. Hess, E. Lindahl
Tackling Exascale Software Challenges in Molecular Dynamics Simulations with
GROMACS
In S. Markidis & E. Laure (Eds.), Solving Software Challenges for Exascale (2015)
DOI: 10.1007/978-3-319-15976-8_1
-------- -------- --- Thank You --- -------- --------


++++ PLEASE READ AND CITE THE FOLLOWING REFERENCE ++++
S. Pronk, S. Páll, R. Schulz, P. Larsson, P. Bjelkmar, R. Apostolov, M. R.
Shirts, J. C. Smith, P. M. Kasson, D. van der Spoel, B. Hess, E. Lindahl
GROMACS 4.5: a high-throughput and highly parallel open source molecular
simulation toolkit
Bioinformatics (2013)
DOI: 10.1093/bioinformatics/btt055
-------- -------- --- Thank You --- -------- --------


++++ PLEASE READ AND CITE THE FOLLOWING REFERENCE ++++
B. Hess, C. Kutzner, D. van der Spoel, E. Lindahl
GROMACS 4: Algorithms for highly efficient, load-balanced, and scalable
molecular simulation
J. Chem. Theory Comput. (2008)
DOI: 10.1021/ct700301q
-------- -------- --- Thank You --- -------- --------


++++ PLEASE READ AND CITE THE FOLLOWING REFERENCE ++++
D. van der Spoel, E. Lindahl, B. Hess, G. Groenhof, A. E. Mark, H. J. C.
Berendsen
GROMACS: Fast, Flexible and Free
J. Comp. Chem. (2005)
DOI: 10.1002/jcc.20291
-------- -------- --- Thank You --- -------- --------


++++ PLEASE READ AND CITE THE FOLLOWING REFERENCE ++++
E. Lindahl, B. Hess, D. van der Spoel
GROMACS 3.0: A package for molecular simulation and trajectory analysis
J. Mol. Mod. (2001)
DOI: 10.1007/s008940100045
-------- -------- --- Thank You --- -------- --------


++++ PLEASE READ AND CITE THE FOLLOWING REFERENCE ++++
H. J. C. Berendsen, D. van der Spoel and R. van Drunen
GROMACS: A message-passing parallel molecular dynamics implementation
Comp. Phys. Comm. (1995)
DOI: 10.1016/0010-4655(95)00042-E
-------- -------- --- Thank You --- -------- --------


The number of OpenMP threads was set by environment variable OMP_NUM_THREADS to 4 (and the command-line setting agreed with that)


-------------------------------------------------------
Program:     gmx mdrun, version 2025.3-spack
Source file: src/gromacs/taskassignment/resourcedivision.cpp (line 725)

Fatal error:
Setting the number of thread-MPI ranks is only supported with thread-MPI and
GROMACS was compiled without thread-MPI

For more information and tips for troubleshooting, please check the GROMACS
website at https://manual.gromacs.org/current/user-guide/run-time-errors.html
-------------------------------------------------------
