qemu-system-x86_64: -device cxl-type3,bus=root_port13,persistent-memdev=cxl-mem1,lsa=cxl-lsa1,id=cxl-pmem0,sn=0x1: info: CXL Type3: Persistent memory initialized - size=1024 MB
c[?7l[2J[0mSeaBIOS (version rel-1.17.0-0-gb52ca86e094d-prebuilt.qemu.org)


iPXE (http://ipxe.org) 00:02.0 CA00 PCI2.10 PnP PMM+7EFD1710+7EF31710 CA00
Press Ctrl-B to configure iPXE (PCI 00:02.0)...                                                                               


Booting from ROM..c[?7l[2J[    0.000000] Linux version 6.16.0-rc7+ (root@gpu01) (gcc (Ubuntu 15-20250404-0ubuntu1) 15.0.1 20250404 (experimental) [master r15-9193-g08e803aa9be], GNU ld (GNU Binutils for Ubuntu) 2.44) #3 SMP PREEMPT_DYNAMIC Thu Aug 21 04:23:18 UTC 2025
[    0.000000] Command line: root=/dev/sda rw console=ttyS0,115200 nokaslr
[    0.000000] KERNEL supported cpus:
[    0.000000]   Intel GenuineIntel
[    0.000000]   AMD AuthenticAMD
[    0.000000]   Hygon HygonGenuine
[    0.000000]   Centaur CentaurHauls
[    0.000000]   zhaoxin   Shanghai  
[    0.000000] x86/CPU: Model not found in latest microcode list
[    0.000000] BIOS-provided physical RAM map:
[    0.000000] BIOS-e820: [mem 0x0000000000000000-0x000000000009fbff] usable
[    0.000000] BIOS-e820: [mem 0x000000000009fc00-0x000000000009ffff] reserved
[    0.000000] BIOS-e820: [mem 0x00000000000f0000-0x00000000000fffff] reserved
[    0.000000] BIOS-e820: [mem 0x0000000000100000-0x000000007ffdefff] usable
[    0.000000] BIOS-e820: [mem 0x000000007ffdf000-0x000000007fffffff] reserved
[    0.000000] BIOS-e820: [mem 0x00000000b0000000-0x00000000bfffffff] reserved
[    0.000000] BIOS-e820: [mem 0x00000000fed1c000-0x00000000fed1ffff] reserved
[    0.000000] BIOS-e820: [mem 0x00000000feffc000-0x00000000feffffff] reserved
[    0.000000] BIOS-e820: [mem 0x00000000fffc0000-0x00000000ffffffff] reserved
[    0.000000] BIOS-e820: [mem 0x0000000100000000-0x000000027fffffff] usable
[    0.000000] NX (Execute Disable) protection: active
[    0.000000] APIC: Static calls initialized
[    0.000000] SMBIOS 2.8 present.
[    0.000000] DMI: QEMU Standard PC (Q35 + ICH9, 2009), BIOS rel-1.17.0-0-gb52ca86e094d-prebuilt.qemu.org 04/01/2014
[    0.000000] DMI: Memory slots populated: 1/1
[    0.000000] Hypervisor detected: KVM
[    0.000000] kvm-clock: Using msrs 4b564d01 and 4b564d00
[    0.000000] kvm-clock: using sched offset of 286234145 cycles
[    0.000002] clocksource: kvm-clock: mask: 0xffffffffffffffff max_cycles: 0x1cd42e4dffb, max_idle_ns: 881590591483 ns
[    0.000004] tsc: Detected 2000.000 MHz processor
[    0.000555] last_pfn = 0x280000 max_arch_pfn = 0x400000000
[    0.000588] MTRR map: 4 entries (3 fixed + 1 variable; max 19), built from 8 variable MTRRs
[    0.000590] x86/PAT: Configuration [0-7]: WB  WC  UC- UC  WB  WP  UC- WT  
[    0.000632] last_pfn = 0x7ffdf max_arch_pfn = 0x400000000
[    0.003535] found SMP MP-table at [mem 0x000f54b0-0x000f54bf]
[    0.004000] ACPI: Early table checksum verification disabled
[    0.004003] ACPI: RSDP 0x00000000000F52B0 000014 (v00 BOCHS )
[    0.004011] ACPI: RSDT 0x000000007FFE3792 000040 (v01 BOCHS  BXPC     00000001 BXPC 00000001)
[    0.004015] ACPI: FACP 0x000000007FFE33F6 0000F4 (v03 BOCHS  BXPC     00000001 BXPC 00000001)
[    0.004019] ACPI: DSDT 0x000000007FFE0040 0033B6 (v01 BOCHS  BXPC     00000001 BXPC 00000001)
[    0.004021] ACPI: FACS 0x000000007FFE0000 000040
[    0.004022] ACPI: APIC 0x000000007FFE34EA 000090 (v03 BOCHS  BXPC     00000001 BXPC 00000001)
[    0.004024] ACPI: HPET 0x000000007FFE357A 000038 (v01 BOCHS  BXPC     00000001 BXPC 00000001)
[    0.004026] ACPI: SRAT 0x000000007FFE35B2 000110 (v01 BOCHS  BXPC     00000001 BXPC 00000001)
[    0.004028] ACPI: MCFG 0x000000007FFE36C2 00003C (v01 BOCHS  BXPC     00000001 BXPC 00000001)
[    0.004030] ACPI: CEDT 0x000000007FFE36FE 00006C (v01 BOCHS  BXPC     00000001 BXPC 00000001)
[    0.004032] ACPI: WAET 0x000000007FFE376A 000028 (v01 BOCHS  BXPC     00000001 BXPC 00000001)
[    0.004033] ACPI: Reserving FACP table memory at [mem 0x7ffe33f6-0x7ffe34e9]
[    0.004034] ACPI: Reserving DSDT table memory at [mem 0x7ffe0040-0x7ffe33f5]
[    0.004035] ACPI: Reserving FACS table memory at [mem 0x7ffe0000-0x7ffe003f]
[    0.004035] ACPI: Reserving APIC table memory at [mem 0x7ffe34ea-0x7ffe3579]
[    0.004035] ACPI: Reserving HPET table memory at [mem 0x7ffe357a-0x7ffe35b1]
[    0.004036] ACPI: Reserving SRAT table memory at [mem 0x7ffe35b2-0x7ffe36c1]
[    0.004036] ACPI: Reserving MCFG table memory at [mem 0x7ffe36c2-0x7ffe36fd]
[    0.004037] ACPI: Reserving CEDT table memory at [mem 0x7ffe36fe-0x7ffe3769]
[    0.004037] ACPI: Reserving WAET table memory at [mem 0x7ffe376a-0x7ffe3791]
[    0.004092] ACPI: SRAT: Node 0 PXM 0 [mem 0x00000000-0x0009ffff]
[    0.004094] ACPI: SRAT: Node 0 PXM 0 [mem 0x00100000-0x7fffffff]
[    0.004095] ACPI: SRAT: Node 0 PXM 0 [mem 0x100000000-0x27fffffff]
[    0.004095] ACPI: SRAT: Node 0 PXM 0 [mem 0x280000000-0x67fffffff] hotplug
[    0.004099] NUMA: Node 0 [mem 0x00001000-0x0009ffff] + [mem 0x00100000-0x7fffffff] -> [mem 0x00001000-0x7fffffff]
[    0.004100] NUMA: Node 0 [mem 0x00001000-0x7fffffff] + [mem 0x100000000-0x27fffffff] -> [mem 0x00001000-0x27fffffff]
[    0.004105] NODE_DATA(0) allocated [mem 0x27ffd3500-0x27fffdfff]
[    0.004226] Zone ranges:
[    0.004226]   DMA      [mem 0x0000000000001000-0x0000000000ffffff]
[    0.004227]   DMA32    [mem 0x0000000001000000-0x00000000ffffffff]
[    0.004228]   Normal   [mem 0x0000000100000000-0x000000027fffffff]
[    0.004229]   Device   empty
[    0.004230] Movable zone start for each node
[    0.004231] Early memory node ranges
[    0.004231]   node   0: [mem 0x0000000000001000-0x000000000009efff]
[    0.004232]   node   0: [mem 0x0000000000100000-0x000000007ffdefff]
[    0.004233]   node   0: [mem 0x0000000100000000-0x000000027fffffff]
[    0.004234] Initmem setup node 0 [mem 0x0000000000001000-0x000000027fffffff]
[    0.004241] Initmem setup node 1 as memoryless
[    0.004513] On node 0, zone DMA: 1 pages in unavailable ranges
[    0.004532] On node 0, zone DMA: 97 pages in unavailable ranges
[    0.023957] On node 0, zone Normal: 33 pages in unavailable ranges
[    0.024273] ACPI: PM-Timer IO Port: 0x608
[    0.024285] ACPI: LAPIC_NMI (acpi_id[0xff] dfl dfl lint[0x1])
[    0.024323] IOAPIC[0]: apic_id 0, version 17, address 0xfec00000, GSI 0-23
[    0.024326] ACPI: INT_SRC_OVR (bus 0 bus_irq 0 global_irq 2 dfl dfl)
[    0.024327] ACPI: INT_SRC_OVR (bus 0 bus_irq 5 global_irq 5 high level)
[    0.024328] ACPI: INT_SRC_OVR (bus 0 bus_irq 9 global_irq 9 high level)
[    0.024329] ACPI: INT_SRC_OVR (bus 0 bus_irq 10 global_irq 10 high level)
[    0.024329] ACPI: INT_SRC_OVR (bus 0 bus_irq 11 global_irq 11 high level)
[    0.024332] ACPI: Using ACPI (MADT) for SMP configuration information
[    0.024333] ACPI: HPET id: 0x8086a201 base: 0xfed00000
[    0.024339] CPU topo: Max. logical packages:   1
[    0.024339] CPU topo: Max. logical dies:       1
[    0.024340] CPU topo: Max. dies per package:   1
[    0.024343] CPU topo: Max. threads per core:   1
[    0.024343] CPU topo: Num. cores per package:     4
[    0.024344] CPU topo: Num. threads per package:   4
[    0.024344] CPU topo: Allowing 4 present CPUs plus 0 hotplug CPUs
[    0.024359] kvm-guest: APIC: eoi() replaced with kvm_guest_apic_eoi_write()
[    0.024373] PM: hibernation: Registered nosave memory: [mem 0x00000000-0x00000fff]
[    0.024375] PM: hibernation: Registered nosave memory: [mem 0x0009f000-0x000fffff]
[    0.024376] PM: hibernation: Registered nosave memory: [mem 0x7ffdf000-0xffffffff]
[    0.024377] [mem 0xc0000000-0xfed1bfff] available for PCI devices
[    0.024378] Booting paravirtualized kernel on KVM
[    0.024379] clocksource: refined-jiffies: mask: 0xffffffff max_cycles: 0xffffffff, max_idle_ns: 1910969940391419 ns
[    0.024389] setup_percpu: NR_CPUS:8192 nr_cpumask_bits:4 nr_cpu_ids:4 nr_node_ids:2
[    0.024692] percpu: Embedded 84 pages/cpu s221184 r8192 d114688 u524288
[    0.024722] kvm-guest: PV spinlocks disabled, no host support
[    0.024723] Kernel command line: root=/dev/sda rw console=ttyS0,115200 nokaslr
[    0.024760] Unknown kernel command line parameters "nokaslr", will be passed to user space.
[    0.024764] printk: log buffer data + meta data: 262144 + 917504 = 1179648 bytes
[    0.025920] Dentry cache hash table entries: 1048576 (order: 11, 8388608 bytes, linear)
[    0.026581] Inode-cache hash table entries: 524288 (order: 10, 4194304 bytes, linear)
[    0.026632] software IO TLB: area num 4.
[    0.041230] Fallback order for Node 0: 0 
[    0.041233] Fallback order for Node 1: 0 
[    0.041235] Built 1 zonelists, mobility grouping on.  Total pages: 2097021
[    0.041236] Policy zone: Normal
[    0.041244] mem auto-init: stack:off, heap alloc:on, heap free:off
[    0.071552] SLUB: HWalign=64, Order=0-3, MinObjects=0, CPUs=4, Nodes=2
[    0.071619] Kernel/User page tables isolation: enabled
[    0.085260] ftrace: allocating 59458 entries in 234 pages
[    0.085262] ftrace: allocated 234 pages with 5 groups
[    0.086534] Dynamic Preempt: voluntary
[    0.086942] rcu: Preemptible hierarchical RCU implementation.
[    0.086944] rcu: 	RCU restricting CPUs from NR_CPUS=8192 to nr_cpu_ids=4.
[    0.086946] 	Trampoline variant of Tasks RCU enabled.
[    0.086946] 	Rude variant of Tasks RCU enabled.
[    0.086946] 	Tracing variant of Tasks RCU enabled.
[    0.086947] rcu: RCU calculated value of scheduler-enlistment delay is 100 jiffies.
[    0.086948] rcu: Adjusting geometry for rcu_fanout_leaf=16, nr_cpu_ids=4
[    0.086957] RCU Tasks: Setting shift to 2 and lim to 1 rcu_task_cb_adjust=1 rcu_task_cpu_ids=4.
[    0.086959] RCU Tasks Rude: Setting shift to 2 and lim to 1 rcu_task_cb_adjust=1 rcu_task_cpu_ids=4.
[    0.086960] RCU Tasks Trace: Setting shift to 2 and lim to 1 rcu_task_cb_adjust=1 rcu_task_cpu_ids=4.
[    0.091366] NR_IRQS: 524544, nr_irqs: 456, preallocated irqs: 16
[    0.091592] rcu: srcu_init: Setting srcu_struct sizes based on contention.
[    0.099261] Console: colour VGA+ 80x25
[    0.099305] printk: legacy console [ttyS0] enabled
[    0.174668] ACPI: Core revision 20250404
[    0.175249] clocksource: hpet: mask: 0xffffffff max_cycles: 0xffffffff, max_idle_ns: 19112604467 ns
[    0.176233] APIC: Switch to symmetric I/O mode setup
[    0.176961] x2apic enabled
[    0.177495] APIC: Switched APIC routing to: physical x2apic
[    0.178956] ..TIMER: vector=0x30 apic1=0 pin1=2 apic2=-1 pin2=-1
[    0.179558] clocksource: tsc-early: mask: 0xffffffffffffffff max_cycles: 0x39a85c9bff6, max_idle_ns: 881590591483 ns
[    0.180539] Calibrating delay loop (skipped) preset value.. 4000.00 BogoMIPS (lpj=2000000)
[    0.181695] Last level iTLB entries: 4KB 0, 2MB 0, 4MB 0
[    0.182177] Last level dTLB entries: 4KB 0, 2MB 0, 4MB 0, 1GB 0
[    0.182539] mitigations: Enabled attack vectors: user_kernel, user_user, guest_host, guest_guest, SMT mitigations: auto
[    0.183536] Speculative Store Bypass: Vulnerable
[    0.183957] Spectre V2 : Mitigation: Retpolines
[    0.184536] ITS: Mitigation: Aligned branch/return thunks
[    0.185021] MDS: Vulnerable: Clear CPU buffers attempted, no microcode
[    0.185536] Spectre V1 : Mitigation: usercopy/swapgs barriers and __user pointer sanitization
[    0.186536] Spectre V2 : Spectre v2 / SpectreRSB: Filling RSB on context switch and VMEXIT
[    0.187280] active return thunk: its_return_thunk
[    0.187550] x86/fpu: Supporting XSAVE feature 0x001: 'x87 floating point registers'
[    0.188536] x86/fpu: Supporting XSAVE feature 0x002: 'SSE registers'
[    0.189110] x86/fpu: Supporting XSAVE feature 0x004: 'AVX registers'
[    0.189536] x86/fpu: xstate_offset[2]:  576, xstate_sizes[2]:  256
[    0.190099] x86/fpu: Enabled xstate features 0x7, context size is 832 bytes, using 'standard' format.
[    0.214654] Freeing SMP alternatives memory: 56K
[    0.215115] pid_max: default: 32768 minimum: 301
[    0.215795] LSM: initializing lsm=lockdown,capability,landlock,yama,apparmor,ima,evm
[    0.216694] landlock: Up and running.
[    0.217030] Yama: becoming mindful.
[    0.217545] AppArmor: AppArmor initialized
[    0.218125] Mount-cache hash table entries: 16384 (order: 5, 131072 bytes, linear)
[    0.218548] Mountpoint-cache hash table entries: 16384 (order: 5, 131072 bytes, linear)
[    0.322315] smpboot: CPU0: Intel QEMU Virtual CPU version 2.5+ (family: 0xf, model: 0x6b, stepping: 0x1)
[    0.322688] Performance Events: unsupported Netburst CPU model 107 no PMU driver, software events only.
[    0.323553] signal: max sigframe size: 1776
[    0.323959] rcu: Hierarchical SRCU implementation.
[    0.324536] rcu: 	Max phase no-delay instances is 400.
[    0.325070] Timer migration: 2 hierarchy levels; 8 children per group; 1 crossnode level
[    0.330082] NMI watchdog: Perf NMI watchdog permanently disabled
[    0.330584] smp: Bringing up secondary CPUs ...
[    0.331150] smpboot: x86: Booting SMP configuration:
[    0.331537] .... node  #0, CPUs:      #1 #2 #3
[    0.338639] smp: Brought up 1 node, 4 CPUs
[    0.339537] smpboot: Total of 4 processors activated (16000.00 BogoMIPS)
[    0.340606] Memory: 8117184K/8388084K available (22800K kernel code, 4866K rwdata, 9108K rodata, 5088K init, 6220K bss, 263264K reserved, 0K cma-reserved)
[    0.342690] devtmpfs: initialized
[    0.342896] x86/mm: Memory block size: 128MB
[    0.344141] clocksource: jiffies: mask: 0xffffffff max_cycles: 0xffffffff, max_idle_ns: 1911260446275000 ns
[    0.344548] posixtimers hash table entries: 2048 (order: 3, 32768 bytes, linear)
[    0.345833] futex hash table entries: 512 (32768 bytes on 2 NUMA nodes, total 64 KiB, linear).
[    0.347579] pinctrl core: initialized pinctrl subsystem
[    0.348230] PM: RTC time: 19:22:14, date: 2026-08-07
[    0.350243] NET: Registered PF_NETLINK/PF_ROUTE protocol family
[    0.350972] DMA: preallocated 1024 KiB GFP_KERNEL pool for atomic allocations
[    0.351675] DMA: preallocated 1024 KiB GFP_KERNEL|GFP_DMA pool for atomic allocations
[    0.352678] DMA: preallocated 1024 KiB GFP_KERNEL|GFP_DMA32 pool for atomic allocations
[    0.353549] audit: initializing netlink subsys (disabled)
[    0.354545] audit: type=2000 audit(1786130534.728:1): state=initialized audit_enabled=0 res=1
[    0.354965] thermal_sys: Registered thermal governor 'fair_share'
[    0.355537] thermal_sys: Registered thermal governor 'bang_bang'
[    0.356536] thermal_sys: Registered thermal governor 'step_wise'
[    0.357085] thermal_sys: Registered thermal governor 'user_space'
[    0.357536] thermal_sys: Registered thermal governor 'power_allocator'
[    0.358547] cpuidle: using governor ladder
[    0.359542] cpuidle: using governor menu
[    0.360034] acpiphp: ACPI Hot Plug PCI Controller Driver version: 0.5
[    0.360765] PCI: ECAM [mem 0xb0000000-0xbfffffff] (base 0xb0000000) for domain 0000 [bus 00-ff]
[    0.361537] PCI: ECAM [mem 0xb0000000-0xbfffffff] reserved as E820 entry
[    0.362163] PCI: Using configuration type 1 for base access
[    0.362586] kprobes: kprobe jump-optimization is enabled. All kprobes are optimized if possible.
[    0.365547] HugeTLB: allocation took 0ms with hugepage_allocation_threads=1
[    0.366232] HugeTLB: registered 2.00 MiB page size, pre-allocated 0 pages
[    0.366536] HugeTLB: 28 KiB vmemmap can be freed for a 2.00 MiB page
[    0.368814] ACPI: Added _OSI(Module Device)
[    0.369539] ACPI: Added _OSI(Processor Device)
[    0.370537] ACPI: Added _OSI(Processor Aggregator Device)
[    0.374610] ACPI: 1 ACPI AML tables successfully acquired and loaded
[    0.396708] ACPI: Interpreter enabled
[    0.397106] ACPI: PM: (supports S0 S3 S4 S5)
[    0.397538] ACPI: Using IOAPIC for interrupt routing
[    0.398130] PCI: Using host bridge windows from ACPI; if necessary, use "pci=nocrs" and report a bug
[    0.398536] PCI: Using E820 reservations for host bridge windows
[    0.399629] ACPI: Enabled 3 GPEs in block 00 to 3F
[    0.403069] ACPI: PCI Root Bridge [PCI0] (domain 0000 [bus 00-0b])
[    0.403539] acpi PNP0A08:00: _OSC: OS supports [ExtendedConfig ASPM ClockPM Segments MSI EDR HPX-Type3]
[    0.404559] acpi PNP0A08:00: _OSC: platform does not support [PCIeHotplug LTR DPC]
[    0.405373] acpi PNP0A08:00: _OSC: OS now controls [SHPCHotplug PME AER PCIeCapability]
[    0.405671] PCI host bridge to bus 0000:00
[    0.406536] pci_bus 0000:00: Unknown NUMA node; performance will be reduced
[    0.407199] pci_bus 0000:00: root bus resource [io  0x0000-0x0cf7 window]
[    0.407536] pci_bus 0000:00: root bus resource [io  0x0d00-0xffff window]
[    0.408536] pci_bus 0000:00: root bus resource [mem 0x000a0000-0x000bffff window]
[    0.409238] pci_bus 0000:00: root bus resource [mem 0x80000000-0xafffffff window]
[    0.409536] pci_bus 0000:00: root bus resource [mem 0xc0000000-0xfe7fffff window]
[    0.410536] pci_bus 0000:00: root bus resource [mem 0x7c0010000-0x7ffffffff window]
[    0.411257] pci_bus 0000:00: root bus resource [mem 0x800200000-0x103fffffff window]
[    0.411536] pci_bus 0000:00: root bus resource [bus 00-0b]
[    0.412583] pci 0000:00:00.0: [8086:29c0] type 00 class 0x060000 conventional PCI endpoint
[    0.413935] pci 0000:00:01.0: [1234:1111] type 00 class 0x030000 conventional PCI endpoint
[    0.416167] pci 0000:00:01.0: BAR 0 [mem 0xfd000000-0xfdffffff pref]
[    0.416549] pci 0000:00:01.0: BAR 2 [mem 0xfea50000-0xfea50fff]
[    0.417113] pci 0000:00:01.0: ROM [mem 0xfea40000-0xfea4ffff pref]
[    0.417582] pci 0000:00:01.0: Video device with shadowed ROM at [mem 0x000c0000-0x000dffff]
[    0.419627] pci 0000:00:02.0: [1af4:1000] type 00 class 0x020000 conventional PCI endpoint
[    0.421142] pci 0000:00:02.0: BAR 0 [io  0xc080-0xc09f]
[    0.421543] pci 0000:00:02.0: BAR 1 [mem 0xfea51000-0xfea51fff]
[    0.422548] pci 0000:00:02.0: BAR 4 [mem 0x800200000-0x800203fff 64bit pref]
[    0.423208] pci 0000:00:02.0: ROM [mem 0xfea00000-0xfea3ffff pref]
[    0.424064] pci 0000:00:03.0: [1af4:1009] type 00 class 0x000200 conventional PCI endpoint
[    0.426281] pci 0000:00:03.0: BAR 0 [io  0xc000-0xc03f]
[    0.426543] pci 0000:00:03.0: BAR 1 [mem 0xfea52000-0xfea52fff]
[    0.427559] pci 0000:00:03.0: BAR 4 [mem 0x800204000-0x800207fff 64bit pref]
[    0.428696] pci 0000:00:04.0: [1b36:000b] type 00 class 0x060000 conventional PCI endpoint
[    0.437195] pci 0000:00:1f.0: [8086:2918] type 00 class 0x060100 conventional PCI endpoint
[    0.437813] pci 0000:00:1f.0: quirk: [io  0x0600-0x067f] claimed by ICH6 ACPI/GPIO/TCO
[    0.438715] pci 0000:00:1f.2: [8086:2922] type 00 class 0x010601 conventional PCI endpoint
[    0.440570] pci 0000:00:1f.2: BAR 4 [io  0xc0a0-0xc0bf]
[    0.441542] pci 0000:00:1f.2: BAR 5 [mem 0xfea53000-0xfea53fff]
[    0.442838] pci 0000:00:1f.3: [8086:2930] type 00 class 0x0c0500 conventional PCI endpoint
[    0.444194] pci 0000:00:1f.3: BAR 4 [io  0x0700-0x073f]
[    0.444852] ACPI: PCI: Interrupt link LNKA configured for IRQ 10
[    0.445591] ACPI: PCI: Interrupt link LNKB configured for IRQ 10
[    0.446214] ACPI: PCI: Interrupt link LNKC configured for IRQ 11
[    0.446591] ACPI: PCI: Interrupt link LNKD configured for IRQ 11
[    0.447588] ACPI: PCI: Interrupt link LNKE configured for IRQ 10
[    0.448198] ACPI: PCI: Interrupt link LNKF configured for IRQ 10
[    0.448642] ACPI: PCI: Interrupt link LNKG configured for IRQ 11
[    0.449241] ACPI: PCI: Interrupt link LNKH configured for IRQ 11
[    0.449557] ACPI: PCI: Interrupt link GSIA configured for IRQ 16
[    0.450540] ACPI: PCI: Interrupt link GSIB configured for IRQ 17
[    0.451117] ACPI: PCI: Interrupt link GSIC configured for IRQ 18
[    0.451541] ACPI: PCI: Interrupt link GSID configured for IRQ 19
[    0.452541] ACPI: PCI: Interrupt link GSIE configured for IRQ 20
[    0.453090] ACPI: PCI: Interrupt link GSIF configured for IRQ 21
[    0.453541] ACPI: PCI: Interrupt link GSIG configured for IRQ 22
[    0.454541] ACPI: PCI: Interrupt link GSIH configured for IRQ 23
[    0.455551] ACPI: PCI Root Bridge [CL0C] (domain 0000 [bus 0c-0d])
[    0.456135] acpi ACPI0016:00: _OSC: OS supports [ExtendedConfig ASPM ClockPM Segments MSI EDR HPX-Type3]
[    0.456537] acpi ACPI0016:00: _OSC: OS supports [CXL11PortRegAccess CXL20PortDevRegAccess CXLProtocolErrorReporting CXLNativeHot]
[    0.457584] acpi ACPI0016:00: _OSC: platform does not support [LTR DPC]
[    0.458613] acpi ACPI0016:00: _OSC: OS now controls [PCIeHotplug SHPCHotplug PME AER PCIeCapability]
[    0.459536] acpi ACPI0016:00: _OSC: OS now controls [CXLMemErrorReporting]
[    0.460211] PCI host bridge to bus 0000:0c
[    0.460536] pci_bus 0000:0c: Unknown NUMA node; performance will be reduced
[    0.461188] pci_bus 0000:0c: root bus resource [mem 0xfe800000-0xfe9fffff window]
[    0.461536] pci_bus 0000:0c: root bus resource [mem 0x7c0000000-0x7c000ffff window]
[    0.462536] pci_bus 0000:0c: root bus resource [mem 0x800000000-0x8001fffff window]
[    0.463536] pci_bus 0000:0c: root bus resource [bus 0c-0d]
[    0.464263] pci 0000:0c:00.0: [8086:7075] type 01 class 0x060400 PCIe Root Port
[    0.466552] pci 0000:0c:00.0: BAR 0 [mem 0x7c0000000-0x7c000ffff 64bit]
[    0.467214] pci 0000:0c:00.0: PCI bridge to [bus 0d]
[    0.467565] pci 0000:0c:00.0:   bridge window [mem 0xfe800000-0xfe9fffff]
[    0.468801] pci 0000:0c:00.0:   bridge window [mem 0x800000000-0x8001fffff 64bit pref]
[    0.469594] pci 0000:0c:00.0: enabling Extended Tags
[    0.479461] pci 0000:0d:00.0: [8086:0d93] type 00 class 0x050210 PCIe Endpoint
[    0.481143] pci 0000:0d:00.0: BAR 0 [mem 0xfe800000-0xfe80ffff 64bit]
[    0.481549] pci 0000:0d:00.0: BAR 2 [mem 0xfe810000-0xfe810fff 64bit]
[    0.482150] pci 0000:0d:00.0: BAR 4 [mem 0xfe811000-0xfe811fff]
[    0.482584] pci 0000:0d:00.0: enabling Extended Tags
[    0.494542] pci 0000:0c:00.0: PCI bridge to [bus 0d]
[    0.495759] iommu: Default domain type: Translated
[    0.496004] iommu: DMA domain TLB invalidation policy: lazy mode
[    0.497748]  pci0000:0c: host supports CXL
[    0.498216] SCSI subsystem initialized
[    0.498573] ACPI: bus type USB registered
[    0.498981] usbcore: registered new interface driver usbfs
[    0.499540] usbcore: registered new interface driver hub
[    0.500117] usbcore: registered new device driver usb
[    0.500550] pps_core: LinuxPPS API ver. 1 registered
[    0.501038] pps_core: Software ver. 5.3.6 - Copyright 2005-2007 Rodolfo Giometti <giometti@linux.it>
[    0.501538] PTP clock support registered
[    0.502563] EDAC MC: Ver: 3.0.0
[    0.503546] NetLabel: Initializing
[    0.503899] NetLabel:  domain hash size = 128
[    0.504299] NetLabel:  protocols = UNLABELED CIPSOv4 CALIPSO
[    0.504546] NetLabel:  unlabeled traffic allowed by default
[    0.505551] mctp: management component transport protocol core
[    0.506090] NET: Registered PF_MCTP protocol family
[    0.506544] PCI: Using ACPI for IRQ routing
[    0.619929] pci 0000:00:01.0: BAR 2 [mem 0xfea50000-0xfea50fff]: can't claim; no compatible bridge window
[    0.620546] pci 0000:00:02.0: BAR 1 [mem 0xfea51000-0xfea51fff]: can't claim; no compatible bridge window
[    0.621543] pci 0000:00:03.0: BAR 1 [mem 0xfea52000-0xfea52fff]: can't claim; no compatible bridge window
[    0.622555] pci 0000:00:1f.2: BAR 5 [mem 0xfea53000-0xfea53fff]: can't claim; no compatible bridge window
[    0.623628] pci 0000:00:01.0: vgaarb: setting as boot VGA device
[    0.624122] pci 0000:00:01.0: vgaarb: bridge control possible
[    0.624535] pci 0000:00:01.0: vgaarb: VGA device added: decodes=io+mem,owns=io+mem,locks=none
[    0.624538] vgaarb: loaded
[    0.624821] hpet: 3 channels of 0 reserved for per-cpu timers
[    0.625550] hpet0: at MMIO 0xfed00000, IRQs 2, 8, 0
[    0.626024] hpet0: 3 comparators, 64-bit 100.000000 MHz counter
[    0.632594] clocksource: Switched to clocksource kvm-clock
[    0.634915] VFS: Disk quotas dquot_6.6.0
[    0.635314] VFS: Dquot-cache hash table entries: 512 (order 0, 4096 bytes)
[    0.636140] netfs: FS-Cache loaded
[    0.636577] AppArmor: AppArmor Filesystem Enabled
[    0.637027] pnp: PnP ACPI init
[    0.637437] system 00:05: [mem 0xb0000000-0xbfffffff window] has been reserved
[    0.638470] pnp: PnP ACPI: found 6 devices
[    0.647236] clocksource: acpi_pm: mask: 0xffffff max_cycles: 0xffffff, max_idle_ns: 2085701024 ns
[    0.648206] NET: Registered PF_INET protocol family
[    0.649053] IP idents hash table entries: 131072 (order: 8, 1048576 bytes, linear)
[    0.650886] tcp_listen_portaddr_hash hash table entries: 4096 (order: 4, 65536 bytes, linear)
[    0.651721] Table-perturb hash table entries: 65536 (order: 6, 262144 bytes, linear)
[    0.652485] TCP established hash table entries: 65536 (order: 7, 524288 bytes, linear)
[    0.653665] TCP bind hash table entries: 65536 (order: 9, 2097152 bytes, linear)
[    0.654551] TCP: Hash tables configured (established 65536 bind 65536)
[    0.655517] MPTCP token hash table entries: 8192 (order: 5, 196608 bytes, linear)
[    0.656286] UDP hash table entries: 4096 (order: 6, 262144 bytes, linear)
[    0.656959] UDP-Lite hash table entries: 4096 (order: 6, 262144 bytes, linear)
[    0.657715] NET: Registered PF_UNIX/PF_LOCAL protocol family
[    0.658248] NET: Registered PF_XDP protocol family
[    0.658707] pci 0000:00:02.0: ROM [mem 0xfea00000-0xfea3ffff pref]: can't claim; no compatible bridge window
[    0.659697] pci 0000:00:02.0: ROM [mem 0x80000000-0x8003ffff pref]: assigned
[    0.660342] pci 0000:00:01.0: BAR 2 [mem 0x80040000-0x80040fff]: assigned
[    0.661458] pci 0000:00:02.0: BAR 1 [mem 0x80041000-0x80041fff]: assigned
[    0.662527] pci 0000:00:03.0: BAR 1 [mem 0x80042000-0x80042fff]: assigned
[    0.663591] pci 0000:00:1f.2: BAR 5 [mem 0x80043000-0x80043fff]: assigned
[    0.664649] pci_bus 0000:00: resource 4 [io  0x0000-0x0cf7 window]
[    0.665239] pci_bus 0000:00: resource 5 [io  0x0d00-0xffff window]
[    0.665846] pci_bus 0000:00: resource 6 [mem 0x000a0000-0x000bffff window]
[    0.666500] pci_bus 0000:00: resource 7 [mem 0x80000000-0xafffffff window]
[    0.667129] pci_bus 0000:00: resource 8 [mem 0xc0000000-0xfe7fffff window]
[    0.667781] pci_bus 0000:00: resource 9 [mem 0x7c0010000-0x7ffffffff window]
[    0.668424] pci_bus 0000:00: resource 10 [mem 0x800200000-0x103fffffff window]
[    0.669116] pci 0000:0c:00.0: bridge window [io  0x1000-0x0fff] to [bus 0d] add_size 1000
[    0.669890] pci 0000:0c:00.0: bridge window [io  size 0x1000]: can't assign; no space
[    0.670623] pci 0000:0c:00.0: bridge window [io  size 0x1000]: failed to assign
[    0.671289] pci 0000:0c:00.0: bridge window [io  size 0x1000]: can't assign; no space
[    0.672678] pci 0000:0c:00.0: bridge window [io  size 0x1000]: failed to assign
[    0.673346] pci 0000:0c:00.0: PCI bridge to [bus 0d]
[    0.674274] pci 0000:0c:00.0:   bridge window [mem 0xfe800000-0xfe9fffff]
[    0.675231] pci 0000:0c:00.0:   bridge window [mem 0x800000000-0x8001fffff 64bit pref]
[    0.676738] pci_bus 0000:0c: Some PCI device resources are unassigned, try booting with pci=realloc
[    0.677666] pci_bus 0000:0c: resource 4 [mem 0xfe800000-0xfe9fffff window]
[    0.678296] pci_bus 0000:0c: resource 5 [mem 0x7c0000000-0x7c000ffff window]
[    0.678959] pci_bus 0000:0c: resource 6 [mem 0x800000000-0x8001fffff window]
[    0.679621] pci_bus 0000:0d: resource 1 [mem 0xfe800000-0xfe9fffff]
[    0.680196] pci_bus 0000:0d: resource 2 [mem 0x800000000-0x8001fffff 64bit pref]
[    0.680966] PCI: CLS 0 bytes, default 64
[    0.681368] PCI-DMA: Using software bounce buffering for IO (SWIOTLB)
[    0.682054] software IO TLB: mapped [mem 0x000000007bfdf000-0x000000007ffdf000] (64MB)
[    0.683520] clocksource: tsc: mask: 0xffffffffffffffff max_cycles: 0x39a85c9bff6, max_idle_ns: 881590591483 ns
[    0.684975] Initialise system trusted keyrings
[    0.685401] Key type blacklist registered
[    0.686192] workingset: timestamp_bits=36 max_order=21 bucket_order=0
[    0.688277] squashfs: version 4.0 (2009/01/31) Phillip Lougher
[    0.690042] fuse: init (API version 7.44)
[    0.690753] 9p: Installing v9fs 9p2000 file system support
[    0.691652] integrity: Platform Keyring initialized
[    0.692107] integrity: Machine keyring initialized
[    0.698592] Key type asymmetric registered
[    0.698984] Asymmetric key parser 'x509' registered
[    0.699460] Block layer SCSI generic (bsg) driver version 0.4 loaded (major 242)
[    0.700759] io scheduler mq-deadline registered
[    0.702711] ledtrig-cpu: registered to indicate activity on CPUs
[    0.703769] ACPI: \_SB_.LNKD: Enabled at IRQ 11
[    0.705335] pcieport 0000:0c:00.0: PME: Signaling with IRQ 24
[    0.706672] pcieport 0000:0c:00.0: AER: enabled with IRQ 24
[    0.707230] pcieport 0000:0c:00.0: pciehp: Slot #0 AttnBtn+ PwrCtrl+ MRL- AttnInd+ PwrInd+ HotPlug+ Surprise+ Interlock+ NoCompl- IbPresDis- LLActRep+ (with Cmd Compl erratum)
[    0.709989] input: Power Button as /devices/LNXSYSTM:00/LNXPWRBN:00/input/input0
[    0.710750] ACPI: button: Power Button [PWRF]
[    0.713082] ACPI: \_SB_.GSIG: Enabled at IRQ 22
[    0.714489] ACPI: \_SB_.GSIH: Enabled at IRQ 23
[    0.716141] Serial: 8250/16550 driver, 32 ports, IRQ sharing enabled
[    0.739313] 00:03: ttyS0 at I/O 0x3f8 (irq = 4, base_baud = 115200) is a 16550A
[    0.743360] Linux agpgart interface v0.103
[    0.743855] ACPI: bus type drm_connector registered
[    0.747397] loop: module loaded
[    0.748065] Key type psk registered
[    0.751014] ACPI: \_SB_.GSIA: Enabled at IRQ 16
[    0.752132] ahci 0000:00:1f.2: AHCI vers 0001.0000, 32 command slots, 1.5 Gbps, SATA mode
[    0.753095] ahci 0000:00:1f.2: 6/6 ports implemented (port mask 0x3f)
[    0.753804] ahci 0000:00:1f.2: flags: 64bit ncq only 
[    0.755535] cxl_nvdimm pmem0: GPF: could not set dirty shutdown state
[    0.755868] scsi host0: ahci
[    0.757462] scsi host1: ahci
[    0.758173] scsi host2: ahci
[    0.758663] scsi host3: ahci
[    0.759090] scsi host4: ahci
[    0.759995] scsi host5: ahci
[    0.760303] ata1: SATA max UDMA/133 abar m4096@0x80043000 port 0x80043100 irq 29 lpm-pol 0
[    0.761090] ata2: SATA max UDMA/133 abar m4096@0x80043000 port 0x80043180 irq 29 lpm-pol 0
[    0.761869] ata3: SATA max UDMA/133 abar m4096@0x80043000 port 0x80043200 irq 29 lpm-pol 0
[    0.762661] ata4: SATA max UDMA/133 abar m4096@0x80043000 port 0x80043280 irq 29 lpm-pol 0
[    0.763423] ata5: SATA max UDMA/133 abar m4096@0x80043000 port 0x80043300 irq 29 lpm-pol 0
[    0.764207] ata6: SATA max UDMA/133 abar m4096@0x80043000 port 0x80043380 irq 29 lpm-pol 0
[    0.765098] tun: Universal TUN/TAP device driver, 1.6
[    0.767520] e1000: Intel(R) PRO/1000 Network Driver
[    0.768104] e1000: Copyright (c) 1999-2006 Intel Corporation.
[    0.768670] e1000e: Intel(R) PRO/1000 Network Driver
[    0.769139] e1000e: Copyright(c) 1999 - 2015 Intel Corporation.
[    0.769717] PPP generic driver version 2.4.2
[    0.770250] i8042: PNP: PS/2 Controller [PNP0303:KBD,PNP0f13:MOU] at 0x60,0x64 irq 1,12
[    0.771598] serio: i8042 KBD port at 0x60,0x64 irq 1
[    0.772062] serio: i8042 AUX port at 0x60,0x64 irq 12
[    0.772682] mousedev: PS/2 mouse device common for all mice
[    0.773579] rtc_cmos 00:04: RTC can wake from S4
[    0.773600] input: AT Translated Set 2 keyboard as /devices/platform/i8042/serio0/input/input1
[    0.775094] rtc_cmos 00:04: registered as rtc0
[    0.775942] rtc_cmos 00:04: setting system clock to 2026-08-07T19:22:15 UTC (1786130535)
[    0.776948] rtc_cmos 00:04: alarms up to one day, y3k, 242 bytes nvram, hpet irqs
[    0.777824] i2c_dev: i2c /dev entries driver
[    0.778350] device-mapper: core: CONFIG_IMA_DISABLE_HTABLE is disabled. Duplicate IMA measurements will not be recorded in the IMA log.
[    0.779789] device-mapper: uevent: version 1.0.3
[    0.780896] device-mapper: ioctl: 4.50.0-ioctl (2025-04-28) initialised: dm-devel@lists.linux.dev
[    0.781948] intel_pstate: CPU model not supported
[    0.782645] drop_monitor: Initializing network drop monitor service
[    0.783679] NET: Registered PF_INET6 protocol family
[    0.785319] Segment Routing with IPv6
[    0.785727] In-situ OAM (IOAM) with IPv6
[    0.786112] NET: Registered PF_PACKET protocol family
[    0.786688] 9pnet: Installing 9P2000 support
[    0.787682] Key type dns_resolver registered
[    0.788693] IPI shorthand broadcast: enabled
[    0.791395] sched_clock: Marking stable (705002913, 85934571)->(795723694, -4786210)
[    0.792600] registered taskstats version 1
[    0.796149] Loading compiled-in X.509 certificates
[    0.797075] Loaded X.509 cert 'Build time autogenerated kernel key: d04e987abe4214284e46b7b27904783efe65024e'
[    0.801195] Demotion targets for Node 0: null
[    0.801747] Key type .fscrypt registered
[    0.802123] Key type fscrypt-provisioning registered
[    0.803410] Key type encrypted registered
[    0.803851] AppArmor: AppArmor sha256 policy hashing enabled
[    0.804404] ima: No TPM chip found, activating TPM-bypass!
[    0.804943] Loading compiled-in module X.509 certificates
[    0.805817] Loaded X.509 cert 'Build time autogenerated kernel key: d04e987abe4214284e46b7b27904783efe65024e'
[    0.806758] ima: Allocated hash algorithm: sha256
[    0.807285] ima: No architecture policies found
[    0.807827] evm: Initialising EVM extended attributes:
[    0.808517] evm: security.selinux
[    0.808929] evm: security.SMACK64
[    0.809346] evm: security.SMACK64EXEC
[    0.809825] evm: security.SMACK64TRANSMUTE
[    0.810336] evm: security.SMACK64MMAP
[    0.810818] evm: security.apparmor
[    0.811266] evm: security.ima
[    0.811700] evm: security.capability
[    0.812181] evm: HMAC attrs: 0x1
[    0.812963] PM:   Magic number: 6:377:394
[    0.813727] RAS: Correctable Errors collector initialized.
[    0.814460] clk: Disabling unused clocks
[    0.815019] PM: genpd: Disabling unused power domains
[    1.074448] ata5: SATA link down (SStatus 0 SControl 300)
[    1.076358] ata4: SATA link down (SStatus 0 SControl 300)
[    1.077372] ata6: SATA link down (SStatus 0 SControl 300)
[    1.079581] ata2: SATA link down (SStatus 0 SControl 300)
[    1.080936] ata1: SATA link up 1.5 Gbps (SStatus 113 SControl 300)
[    1.081641] ata1.00: ATA-7: QEMU HARDDISK, 2.5+, max UDMA/100
[    1.082167] ata1.00: 104857600 sectors, multi 16: LBA48 NCQ (depth 32)
[    1.082754] ata1.00: applying bridge limits
[    1.083212] ata1.00: configured for UDMA/100
[    1.084065] ata3: SATA link up 1.5 Gbps (SStatus 113 SControl 300)
[    1.084421] scsi 0:0:0:0: Direct-Access     ATA      QEMU HARDDISK    2.5+ PQ: 0 ANSI: 5
[    1.085461] ata3.00: ATAPI: QEMU DVD-ROM, 2.5+, max UDMA/100
[    1.086390] sd 0:0:0:0: [sda] 104857600 512-byte logical blocks: (53.7 GB/50.0 GiB)
[    1.086531] sd 0:0:0:0: Attached scsi generic sg0 type 0
[    1.086726] ata3.00: applying bridge limits
[    1.087359] sd 0:0:0:0: [sda] Write Protect is off
[    1.088440] ata3.00: configured for UDMA/100
[    1.089525] sd 0:0:0:0: [sda] Write cache: enabled, read cache: enabled, doesn't support DPO or FUA
[    1.090112] scsi 2:0:0:0: CD-ROM            QEMU     QEMU DVD-ROM     2.5+ PQ: 0 ANSI: 5
[    1.090347] sd 0:0:0:0: [sda] Preferred minimum I/O size 512 bytes
[    1.109466] sd 0:0:0:0: [sda] Attached SCSI disk
[    1.112689] sr 2:0:0:0: [sr0] scsi3-mmc drive: 4x/4x cd/rw xa/form2 tray
[    1.113287] cdrom: Uniform CD-ROM driver Revision: 3.20
[    1.122285] sr 2:0:0:0: Attached scsi generic sg1 type 5
[    1.123512] md: Waiting for all devices to be available before autodetect
[    1.123992] md: If you don't use raid, use raid=noautodetect
[    1.124364] md: Autodetecting RAID arrays.
[    1.124639] md: autorun ...
[    1.124819] md: ... autorun DONE.
[    1.375956] EXT4-fs (sda): recovery complete
[    1.384184] EXT4-fs (sda): mounted filesystem 412a31d6-761b-4b59-b4f9-53f8a4b8ad2f r/w with ordered data mode. Quota mode: none.
[    1.384953] VFS: Mounted root (ext4 filesystem) on device 8:0.
[    1.386531] devtmpfs: mounted
[    1.388564] Freeing unused decrypted memory: 2028K
[    1.390090] Freeing unused kernel image (initmem) memory: 5088K
[    1.390781] Write protecting the kernel read-only data: 34816k
[    1.392353] Freeing unused kernel image (text/rodata gap) memory: 1772K
[    1.393286] Freeing unused kernel image (rodata/data gap) memory: 1132K
[    1.432824] x86/mm: Checked W+X mappings: passed, no W+X pages found.
[    1.433476] x86/mm: Checking user space page tables
[    1.471404] x86/mm: Checked W+X mappings: passed, no W+X pages found.
[    1.471838] Run /sbin/init as init process
[    1.564264] systemd[1]: Inserted module 'autofs4'
[!p]104[?7h[    1.615078] systemd[1]: systemd 257.7-1 running in system mode (+PAM +AUDIT +SELINUX +APPARMOR +IMA +IPE +SMACK +SECCOMP +GCRYPT -GNUTLS +OPENSSL +ACL +BLKID +CURL +ELFUTILS +FIDO2 +IDN2 -IDN +IPTC +KMOD +LIBCRYPTSETUP +LIBCRYPTSETUP_PLUGINS +LIBFDISK +PCRE2 +PWQUALITY +P11KIT +QRENCODE +TPM2 +BZIP2 +LZ4 +XZ +ZLIB +ZSTD +BPF_FRAMEWORK +BTF -XKBCOMMON -UTMP +SYSVINIT +LIBARCHIVE)
[    1.617164] systemd[1]: Detected virtualization kvm.
[    1.617510] systemd[1]: Detected architecture x86-64.

[0;1;39mWelcome to [0m[1mDebian GNU/Linux 13 (trixie)[0m[0;1;39m![0m

[    1.621439] systemd[1]: Hostname set to <node0>.
[    1.662310] systemd[1]: bpf-restrict-fs: BPF LSM hook not enabled in the kernel, BPF LSM not supported.
[    1.704404] Guest personality initialized and is inactive
[    1.704899] VMCI host device registered (name=vmci, major=10, minor=262)
[    1.705329] Initialized host personality
[    1.714129] NET: Registered PF_VSOCK protocol family
[    1.908655] systemd[1]: Queued start job for default target graphical.target.
[    1.944321] systemd[1]: Created slice system-getty.slice - Slice /system/getty.
[[0;32m  OK  [0m] Created slice [0;1;39msystem-getty.slice[0m - Slice /system/getty.
[    1.946054] systemd[1]: Created slice system-modprobe.slice - Slice /system/modprobe.
[[0;32m  OK  [0m] Created slice [0;1;39msystem-modprobe.slice[0m - Slice /system/modprobe.
[    1.947486] systemd[1]: Created slice system-serial\x2dgetty.slice - Slice /system/serial-getty.
[[0;32m  OK  [0m] Created slice [0;1;39msystem-serial\x2dget…slice[0m - Slice /system/serial-getty.
[    1.948975] systemd[1]: Created slice user.slice - User and Session Slice.
[[0;32m  OK  [0m] Created slice [0;1;39muser.slice[0m - User and Session Slice.
[    1.950078] systemd[1]: Started systemd-ask-password-console.path - Dispatch Password Requests to Console Directory Watch.
[[0;32m  OK  [0m] Started [0;1;39msystemd-ask-password-conso…[0mequests to Console Directory Watch.
[    1.951613] systemd[1]: Started systemd-ask-password-wall.path - Forward Password Requests to Wall Directory Watch.
[[0;32m  OK  [0m] Started [0;1;39msystemd-ask-password-wall.…[0md Requests to Wall Directory Watch.
[    1.953121] systemd[1]: Set up automount proc-sys-fs-binfmt_misc.automount - Arbitrary Executable File Formats File System Automount Point.
[[0;32m  OK  [0m] Set up automount [0;1;39mproc-sys-fs-binfm…[0mormats File System Automount Point.
[    1.954693] systemd[1]: Expecting device dev-ttyS0.device - /dev/ttyS0...
         Expecting device [0;1;39mdev-ttyS0.device[0m - /dev/ttyS0...
[    1.955679] systemd[1]: Reached target paths.target - Path Units.
[[0;32m  OK  [0m] Reached target [0;1;39mpaths.target[0m - Path Units.
[    1.956623] systemd[1]: Reached target slices.target - Slice Units.
[[0;32m  OK  [0m] Reached target [0;1;39mslices.target[0m - Slice Units.
[    1.957580] systemd[1]: Reached target swap.target - Swaps.
[[0;32m  OK  [0m] Reached target [0;1;39mswap.target[0m - Swaps.
[    1.963351] systemd[1]: Listening on rpcbind.socket - RPCbind Server Activation Socket.
[[0;32m  OK  [0m] Listening on [0;1;39mrpcbind.socket[0m - RPCbind Server Activation Socket.
[    1.965896] systemd[1]: Listening on systemd-creds.socket - Credential Encryption/Decryption.
[[0;32m  OK  [0m] Listening on [0;1;39msystemd-creds.socket[0m - Credential Encryption/Decryption.
[    1.967227] systemd[1]: Listening on systemd-initctl.socket - initctl Compatibility Named Pipe.
[[0;32m  OK  [0m] Listening on [0;1;39msystemd-initctl.socke…[0m- initctl Compatibility Named Pipe.
[    1.968616] systemd[1]: Listening on systemd-journald-dev-log.socket - Journal Socket (/dev/log).
[[0;32m  OK  [0m] Listening on [0;1;39msystemd-journald-dev-…socket[0m - Journal Socket (/dev/log).
[    1.969986] systemd[1]: Listening on systemd-journald.socket - Journal Sockets.
[[0;32m  OK  [0m] Listening on [0;1;39msystemd-journald.socket[0m - Journal Sockets.
[    1.971174] systemd[1]: Listening on systemd-networkd.socket - Network Service Netlink Socket.
[[0;32m  OK  [0m] Listening on [0;1;39msystemd-networkd.socket[0m - Network Service Netlink Socket.
[    1.972452] systemd[1]: systemd-pcrextend.socket - TPM PCR Measurements was skipped because of an unmet condition check (ConditionSecurity=measured-uki).
[    1.973308] systemd[1]: systemd-pcrlock.socket - Make TPM PCR Policy was skipped because of an unmet condition check (ConditionSecurity=measured-uki).
[    1.974213] systemd[1]: Listening on systemd-udevd-control.socket - udev Control Socket.
[[0;32m  OK  [0m] Listening on [0;1;39msystemd-udevd-control.socket[0m - udev Control Socket.
[    1.975548] systemd[1]: Listening on systemd-udevd-kernel.socket - udev Kernel Socket.
[[0;32m  OK  [0m] Listening on [0;1;39msystemd-udevd-kernel.socket[0m - udev Kernel Socket.
[    1.978266] systemd[1]: Mounting dev-hugepages.mount - Huge Pages File System...
         Mounting [0;1;39mdev-hugepages.mount[0m - Huge Pages File System...
[    1.980160] systemd[1]: Mounting dev-mqueue.mount - POSIX Message Queue File System...
         Mounting [0;1;39mdev-mqueue.mount[0m - POSIX Message Queue File System...
[    1.982318] systemd[1]: Mounting run-lock.mount - Legacy Locks Directory /run/lock...
         Mounting [0;1;39mrun-lock.mount[0m - Legacy Locks Directory /run/lock...
[    1.984054] systemd[1]: Mounting sys-kernel-debug.mount - Kernel Debug File System...
         Mounting [0;1;39msys-kernel-debug.mount[0m - Kernel Debug File System...
[    1.993512] systemd[1]: Mounting sys-kernel-tracing.mount - Kernel Trace File System...
         Mounting [0;1;39msys-kernel-tracing.mount[0m - Kernel Trace File System...
[    1.996694] systemd[1]: Mounting tmp.mount - Temporary Directory /tmp...
         Mounting [0;1;39mtmp.mount[0m - Temporary Directory /tmp...
[    1.997861] systemd[1]: auth-rpcgss-module.service - Kernel Module supporting RPCSEC_GSS was skipped because of an unmet condition check (ConditionPathExists=/etc/krb5.keytab).
[    1.999985] systemd[1]: Starting kmod-static-nodes.service - Create List of Static Device Nodes...
         Starting [0;1;39mkmod-static-nodes.service[0m…eate List of Static Device Nodes...
[    2.004084] systemd[1]: Starting modprobe@configfs.service - Load Kernel Module configfs...
         Starting [0;1;39mmodprobe@configfs.service[0m - Load Kernel Module configfs...
[    2.007104] systemd[1]: Starting modprobe@drm.service - Load Kernel Module drm...
         Starting [0;1;39mmodprobe@drm.service[0m - Load Kernel Module drm...
[    2.009076] systemd[1]: Starting modprobe@efi_pstore.service - Load Kernel Module efi_pstore...
         Starting [0;1;39mmodprobe@efi_pstore.servi…[0m - Load Kernel Module efi_pstore...
[    2.011084] systemd[1]: Starting modprobe@fuse.service - Load Kernel Module fuse...
         Starting [0;1;39mmodprobe@fuse.service[0m - Load Kernel Module fuse...
[    2.012313] systemd[1]: systemd-hibernate-clear.service - Clear Stale Hibernate Storage Info was skipped because of an unmet condition check (ConditionPathExists=/sys/firmware/efi/efivars/HibernateLocation-8cf2644b-4b0b-428f-9387-6d876050dc67).
[    2.015023] systemd[1]: Starting systemd-journald.service - Journal Service...
         Starting [0;1;39msystemd-journald.service[0m - Journal Service...
[    2.017406] systemd[1]: Starting systemd-modules-load.service - Load Kernel Modules...
         Starting [0;1;39msystemd-modules-load.service[0m - Load Kernel Modules...
[    2.018709] systemd[1]: systemd-pcrmachine.service - TPM PCR Machine ID Measurement was skipped because of an unmet condition check (ConditionSecurity=measured-uki).
[    2.020346] systemd[1]: Starting systemd-remount-fs.service - Remount Root and Kernel File Systems...
         Starting [0;1;39msystemd-remount-fs.servic…[0munt Root and Kernel File Systems...
[    2.021848] systemd[1]: systemd-tpm2-setup-early.service - Early TPM SRK Setup was skipped because of an unmet condition check (ConditionSecurity=measured-uki).
[    2.023422] systemd[1]: Starting systemd-udev-load-credentials.service - Load udev Rules from Credentials...
         Starting [0;1;39msystemd-udev-load-credent…[0mLoad udev Rules from Credentials...
[    2.025798] systemd[1]: Starting systemd-udev-trigger.service - Coldplug All udev Devices...
         Starting [0;1;39msystemd-udev-trigger.service[0m - Coldplug All udev Devices...
[    2.028411] systemd[1]: Mounted dev-hugepages.mount - Huge Pages File System.
[[0;32m  OK  [0m] Mounted [0;1;39mdev-hugepages.mount[0m - Huge Pages File System.
[    2.029781] systemd[1]: Mounted dev-mqueue.mount - POSIX Message Queue File System.
[[0;32m  OK  [0m] Mounted [0;1;39mdev-mqueue.mount[0m - POSIX Message Queue File System.
[    2.031039] systemd[1]: Mounted run-lock.mount - Legacy Locks Directory /run/lock.
[[0;32m  OK  [0m] Mounted [0;1;39mrun-lock.mount[0m - Legacy Locks Directory /run/lock.
[    2.032225] systemd[1]: Mounted sys-kernel-debug.mount - Kernel Debug File System.
[[0;32m  OK  [0m] Mounted [0;1;39msys-kernel-debug.mount[0m - Kernel Debug File System.
[    2.033382] systemd[1]: Mounted sys-kernel-tracing.mount - Kernel Trace File System.
[[0;32m  OK  [0m] Mounted [0;1;39msys-kernel-tracing.mount[0m - Kernel Trace File System.
[    2.034740] systemd[1]: Mounted tmp.mount - Temporary Directory /tmp.
[[0;32m  OK  [0m] Mounted [0;1;39mtmp.mount[0m - Temporary Directory /tmp.
[    2.036071] systemd[1]: Finished kmod-static-nodes.service - Create List of Static Device Nodes.
[[0;32m  OK  [0m] Finished [0;1;39mkmod-static-nodes.service[0m…Create List of Static Device Nodes.
[    2.038366] systemd[1]: modprobe@configfs.service: Deactivated successfully.
[    2.039019] systemd[1]: Finished modprobe@configfs.service - Load Kernel Module configfs.
[[0;32m  OK  [0m] Finished [0;1;39mmodprobe@configfs.service[0m - Load Kernel Module configfs.
[    2.040630] systemd[1]: modprobe@drm.service: Deactivated successfully.
[    2.041461] systemd[1]: Finished modprobe@drm.service - Load Kernel Module drm.
[[0;32m  OK  [0m] Finished [0;1;39mmodprobe@drm.service[0m - Load Kernel Module drm.
[    2.043182] systemd[1]: modprobe@efi_pstore.service: Deactivated successfully.
[    2.043504] systemd-journald[170]: Collecting audit messages is disabled.
[    2.043799] systemd[1]: Finished modprobe@efi_pstore.service - Load Kernel Module efi_pstore.
[[0;32m  OK  [0m] Finished [0;1;39mmodprobe@efi_pstore.service[0m - Load Kernel Module efi_pstore.
[    2.045622] systemd[1]: modprobe@fuse.service: Deactivated successfully.
[    2.046183] systemd[1]: Finished modprobe@fuse.service - Load Kernel Module fuse.
[[0;32m  OK  [0m] Finished [0;1;39mmodprobe@fuse.service[0m - Load Kernel Module fuse.
[    2.047865] systemd[1]: Finished systemd-modules-load.service - Load Kernel Modules.
[[0;32m  OK  [0m] Finished [0;1;39msystemd-modules-load.service[0m - Load Kernel Modules.
[    2.049357] systemd[1]: Finished systemd-remount-fs.service - Remount Root and Kernel File Systems.
[[0;32m  OK  [0m] Finished [0;1;39msystemd-remount-fs.servic…[0mmount Root and Kernel File Systems.
[    2.051049] systemd[1]: Finished systemd-udev-load-credentials.service - Load udev Rules from Credentials.
[[0;32m  OK  [0m] Finished [0;1;39msystemd-udev-load-credent…[0m- Load udev Rules from Credentials.
[    2.053672] systemd[1]: Mounting sys-fs-fuse-connections.mount - FUSE Control File System...
         Mounting [0;1;39msys-fs-fuse-connections.mount[0m - FUSE Control File System...
[    2.057059] systemd[1]: Mounting sys-kernel-config.mount - Kernel Configuration File System...
         Mounting [0;1;39msys-kernel-config.mount[0m - Kernel Configuration File System...
[    2.058837] systemd[1]: systemd-hwdb-update.service - Rebuild Hardware Database was skipped because of an unmet condition check (ConditionNeedsUpdate=/etc).
[    2.059801] systemd[1]: systemd-pstore.service - Platform Persistent Storage Archival was skipped because of an unmet condition check (ConditionDirectoryNotEmpty=/sys/fs/pstore).
[    2.064180] systemd[1]: Starting systemd-random-seed.service - Load/Save OS Random Seed...
         Starting [0;1;39msystemd-random-seed.service[0m - Load/Save OS Random Seed...
[    2.066105] systemd[1]: Starting systemd-sysctl.service - Apply Kernel Variables...
         Starting [0;1;39msystemd-sysctl.service[0m - Apply Kernel Variables...
[    2.067812] systemd[1]: Starting systemd-tmpfiles-setup-dev-early.service - Create Static Device Nodes in /dev gracefully...
         Starting [0;1;39msystemd-tmpfiles-setup-de…[0m Device Nodes in /dev gracefully...
[    2.070729] systemd[1]: systemd-tpm2-setup.service - TPM SRK Setup was skipped because of an unmet condition check (ConditionSecurity=measured-uki).
[    2.072186] systemd[1]: Mounted sys-fs-fuse-connections.mount - FUSE Control File System.
[[0;32m  OK  [0m] Mounted [0;1;39msys-fs-fuse-connections.mount[0m - FUSE Control File System.
[    2.073799] systemd[1]: Mounted sys-kernel-config.mount - Kernel Configuration File System.
[[0;32m  OK  [0m] Mounted [0;1;39msys-kernel-config.mount[0m - Kernel Configuration File System.
[    2.078276] systemd[1]: Started systemd-journald.service - Journal Service.
[[0;32m  OK  [0m] Started [0;1;39msystemd-journald.service[0m - Journal Service.
         Starting [0;1;39msystemd-journal-flush.ser…[0msh Journal to Persistent Storage...
[[0;32m  OK  [0m] Finished [0;1;39msystemd-sysctl.service[0m - Apply Kernel Variables.
[    2.099826] systemd-journald[170]: Received client request to flush runtime journal.
[    2.102071] systemd-journald[170]: File /var/log/journal/052ada13ad154e7481baeec066fefe4c/system.journal corrupted or uncleanly shut down, renaming and replacing.
[[0;32m  OK  [0m] Finished [0;1;39msystemd-tmpfiles-setup-de…[0mic Device Nodes in /dev gracefully.
         Starting [0;1;39msystemd-tmpfiles-setup-de…[0meate Static Device Nodes in /dev...
[[0;32m  OK  [0m] Finished [0;1;39msystemd-udev-trigger.service[0m - Coldplug All udev Devices.
         Starting [0;1;39mifupdown-pre.service[0m - He…synchronize boot up for ifupdown...
[[0;32m  OK  [0m] Finished [0;1;39msystemd-tmpfiles-setup-de…[0mCreate Static Device Nodes in /dev.
[[0;32m  OK  [0m] Reached target [0;1;39mlocal-fs-pre.target[0m…Preparation for Local File Systems.
[[0;32m  OK  [0m] Reached target [0;1;39mlocal-fs.target[0m - Local File Systems.
[[0;32m  OK  [0m] Listening on [0;1;39msystemd-sysext.socket[0m… System Extension Image Management.
         Starting [0;1;39msystemd-binfmt.service[0m - Set Up Additional Binary Formats...
         Starting [0;1;39msystemd-udevd.service[0m - R…ager for Device Events and Files...
[[0;32m  OK  [0m] Finished [0;1;39msystemd-journal-flush.ser…[0mlush Journal to Persistent Storage.
         Starting [0;1;39msystemd-tmpfiles-setup.se…[0mate System Files and Directories...
[    2.202961] random: crng init done
[[0;32m  OK  [0m] Started [0;1;39msystemd-udevd.service[0m - Ru…anager for Device Events and Files.
         Starting [0;1;39msystemd-networkd.service[0m - Network Configuration...
[[0;32m  OK  [0m] Finished [0;1;39msystemd-tmpfiles-setup.se…[0mreate System Files and Directories.
         Starting [0;1;39mrpcbind.service[0m - RPC bind portmap service...
[[0;32m  OK  [0m] Finished [0;1;39msystemd-random-seed.service[0m - Load/Save OS Random Seed.
[[0;32m  OK  [0m] Started [0;1;39mrpcbind.service[0m - RPC bind portmap service.
[[0;32m  OK  [0m] Reached target [0;1;39mrpcbind.target[0m - RPC Port Mapper.
[    2.243153] virtio_net virtio0 enp0s2: renamed from eth0
[[0;32m  OK  [0m] Found device [0;1;39mdev-ttyS0.device[0m - /dev/ttyS0.
         Expecting device [0;1;39msys-subsystem-net…[0msys/subsystem/net/devices/enp0s2...
[    2.280063] lpc_ich 0000:00:1f.0: I/O space for GPIO uninitialized
[    2.281193] bochs-drm 0000:00:01.0: vgaarb: deactivate vga console
[    2.285504] Console: switching to colour dummy device 80x25
[    2.286742] [drm] Found bochs VGA, ID 0xb0c5.
[    2.287245] [drm] Framebuffer size 16384 kB @ 0xfd000000, mmio @ 0x80040000.
[    2.293988] input: PC Speaker as /devices/platform/pcspkr/input/input3
[    2.297933] [drm] Initialized bochs-drm 1.0.0 for 0000:00:01.0 on minor 0
[    2.310925] input: VirtualPS/2 VMware VMMouse as /devices/platform/i8042/serio1/input/input5
[    2.313118] fbcon: bochs-drmdrmfb (fb0) is primary device
[    2.319368] i801_smbus 0000:00:1f.3: SMBus using PCI interrupt
[    2.319795] i2c i2c-0: Memory type 0x07 not supported yet, not instantiating SPD
[    2.322068] Console: switching to colour frame buffer device 160x50
[    2.324775] input: VirtualPS/2 VMware VMMouse as /devices/platform/i8042/serio1/input/input4
[    2.324873] bochs-drm 0000:00:01.0: [drm] fb0: bochs-drmdrmfb frame buffer device
[[0;32m  OK  [0m] Listening on [0;1;39msystemd-rfkill.socket[0m…ll Switch Status /dev/rfkill Watch.
[    2.339765] parport_pc 00:02: reported by Plug and Play ACPI
[[0;32m  OK  [0m] Found device [0;1;39msys-subsystem-net-dev…0s2.device[0m - Virtio network device.
[    2.348676] parport0: PC-style at 0x378, irq 7 [PCSPP,TRISTATE]
[[0;32m  OK  [0m] Started [0;1;39mifup@enp0s2.service[0m - ifup for enp0s2.
[    2.353390] iTCO_vendor_support: vendor-support=0
[    2.360963] iTCO_wdt iTCO_wdt.1.auto: Found a ICH9 TCO device (Version=2, TCOBASE=0x0660)
[    2.367984] iTCO_wdt iTCO_wdt.1.auto: initialized. heartbeat=30 sec (nowayout=0)
[    2.402949] Error: Driver 'pcspkr' is already registered, aborting...
[    2.404750] 8021q: 802.1Q VLAN Support v1.8
[    2.444932] ppdev: user-space parallel port driver
[[0;32m  OK  [0m] Finished [0;1;39mifupdown-pre.service[0m - He…o synchronize boot up for ifupdown.
         Starting [0;1;39mnetworking.service[0m - Raise network interfaces...
[    2.517415] cfg80211: Loading compiled-in X.509 certificates for regulatory database
[    2.518232] Loaded X.509 cert 'sforshee: 00b28ddf47aef9cea7'
[    2.518710] Loaded X.509 cert 'wens: 61c038651aabdcf94bd0ac7ff06c7248db18c600'
[    2.519207] platform regulatory.0: Direct firmware load for regulatory.db failed with error -2
[    2.519765] cfg80211: failed to load regulatory.db
[    2.531361] 8021q: adding VLAN 0 to HW filter on device enp0s2
         Mounting [0;1;39mproc-sys-fs-binfmt_misc.m…[0mcutable File Formats File System...
         Mounting [0;1;39mrun-rpc_pipefs.mount[0m - RPC Pipe File System...
[[0;32m  OK  [0m] Mounted [0;1;39mproc-sys-fs-binfmt_misc.mo…[0mxecutable File Formats File System.
[[0;32m  OK  [0m] Finished [0;1;39msystemd-binfmt.service[0m - Set Up Additional Binary Formats.
[[0;32m  OK  [0m] Reached target [0;1;39msysinit.target[0m - System Initialization.
[[0;32m  OK  [0m] Started [0;1;39mapt-daily.timer[0m - Daily apt download activities.
[[0;32m  OK  [0m] Started [0;1;39mapt-daily-upgrade.timer[0m - …y apt upgrade and clean activities.
[[0;32m  OK  [0m] Started [0;1;39mdpkg-db-backup.timer[0m - Daily dpkg database backup timer.
[[0;32m  OK  [0m] Started [0;1;39me2scrub_all.timer[0m - Period…Metadata Check for All Filesystems.
[[0;32m  OK  [0m] Started [0;1;39mfstrim.timer[0m - Discard unused filesystem blocks once a week.
[[0;32m  OK  [0m] Started [0;1;39mlogrotate.timer[0m - Daily rotation of log files.
[[0;32m  OK  [0m] Started [0;1;39msystemd-tmpfiles-clean.tim…[0my Cleanup of Temporary Directories.
[[0;32m  OK  [0m] Reached target [0;1;39mtimers.target[0m - Timer Units.
[[0;32m  OK  [0m] Listening on [0;1;39mdbus.socket[0m - D-Bus System Message Bus Socket.
[[0;32m  OK  [0m] Listening on [0;1;39msshd-unix-local.socke…[0mtemd-ssh-generator, AF_UNIX Local).
[[0;32m  OK  [0m] Listening on [0;1;39msshd-vsock.socket[0m - O… (systemd-ssh-generator, AF_VSOCK).
[[0;32m  OK  [0m] Reached target [0;1;39mssh-access.target[0m - SSH Access Available.
[[0;32m  OK  [0m] Listening on [0;1;39msystemd-hostnamed.socket[0m - Hostname Service Socket.
[[0;32m  OK  [0m] Reached target [0;1;39msockets.target[0m - Socket Units.
         Starting [0;1;39mcxl-numa-setup.service[0m - Configure CXL Memory as NUMA Node...
[[0;32m  OK  [0m] Started [0;1;39msystemd-networkd.service[0m - Network Configuration.
         Starting [0;1;39msystemd-networkd-persiste…[0mtent Storage in systemd-networkd...
[[0;32m  OK  [0m] Finished [0;1;39msystemd-networkd-persiste…[0mistent Storage in systemd-networkd.
[    3.162977] RPC: Registered named UNIX socket transport module.
[    3.163411] RPC: Registered udp transport module.
[    3.163753] RPC: Registered tcp transport module.
[    3.164054] RPC: Registered tcp-with-tls transport module.
[    3.164395] RPC: Registered tcp NFSv4.1 backchannel transport module.
[[0;32m  OK  [0m] Mounted [0;1;39mrun-rpc_pipefs.mount[0m - RPC Pipe File System.
[[0;32m  OK  [0m] Reached target [0;1;39mrpc_pipefs.target[0m.
         Starting [0;1;39mnfs-blkmap.service[0m - pNFS block layout mapping daemon...
[[0;32m  OK  [0m] Reached target [0;1;39mnfs-client.target[0m - NFS client services.
[[0;32m  OK  [0m] Reached target [0;1;39mremote-fs-pre.targe…[0mreparation for Remote File Systems.
[[0;32m  OK  [0m] Reached target [0;1;39mremote-fs.target[0m - Remote File Systems.
[[0;32m  OK  [0m] Started [0;1;39mnfs-blkmap.service[0m - pNFS block layout mapping daemon.
[    3.198869] cxl region0: Bypassing cpu_cache_invalidate_memregion() for testing!
qemu-system-x86_64: info: CXL Type3: Initializing CXLMemSim integration
qemu-system-x86_64: info: CXL Type3: CXLMemSim TCP mode - 127.0.0.1:9999
qemu-system-x86_64: info: CXL Type3: Active latency injection ENABLED (min=0 ns)
[[0;32m  OK  [0m] Created slice [0;1;39msystem-daxdev\x2drec…[0m- Slice /system/daxdev-reconfigure.
[[0m[0;31m*     [0m] (1 of 2) Job networking.service/start running (3s / 5min)
M[K[[0;1;31m*[0m[0;31m*    [0m] (1 of 2) Job networking.service/start running (4s / 5min)
M[K[[0;31m*[0;1;31m*[0m[0;31m*   [0m] (1 of 2) Job networking.service/start running (4s / 5min)
M[K[ [0;31m*[0;1;31m*[0m[0;31m*  [0m] (2 of 2) Job cxl-numa-setup.service/start running (5s / 1min 1s)
M[K[  [0;31m*[0;1;31m*[0m[0;31m* [0m] (2 of 2) Job cxl-numa-setup.service/start running (5s / 1min 1s)
M[K[   [0;31m*[0;1;31m*[0m[0;31m*[0m] (2 of 2) Job cxl-numa-setup.service/start running (6s / 1min 1s)
M[K[[0;32m  OK  [0m] Finished [0;1;39mcxl-numa-setup.service[0m - Configure CXL Memory as NUMA Node.
[K[[0;32m  OK  [0m] Reached target [0;1;39mbasic.target[0m - Basic System.
[[0;32m  OK  [0m] Started [0;1;39mcron.service[0m - Regular background program processing daemon.
[[0;32m  OK  [0m] Started [0;1;39mcxl-monitor.service[0m - CXL Monitor Daemon.
         Starting [0;1;39mdaxdev-reconfigure@dev-da…[0mic daxctl device reconfiguration...
         Starting [0;1;39mdbus.service[0m - D-Bus System Message Bus...
         Starting [0;1;39me2scrub_reap.service[0m - Re…ne ext4 Metadata Check Snapshots...
[[0;32m  OK  [0m] Started [0;1;39mndctl-monitor.service[0m - Ndctl Monitor Daemon.
         Starting [0;1;39msystemd-logind.service[0m - User Login Management...
[[0;32m  OK  [0m] Started [0;1;39mdaxdev-reconfigure@dev-dax…[0matic daxctl device reconfiguration.
[[0;32m  OK  [0m] Started [0;1;39mdbus.service[0m - D-Bus System Message Bus.
[[0;32m  OK  [0m] Finished [0;1;39me2scrub_reap.service[0m - Re…line ext4 Metadata Check Snapshots.
[[0;32m  OK  [0m] Started [0;1;39msystemd-logind.service[0m - User Login Management.
[    [0;31m*[0;1;31m*[0m] Job networking.service/start running (8s / 5min)
M[K[     [0;31m*[0m] Job networking.service/start running (9s / 5min)
M[K[    [0;31m*[0;1;31m*[0m] Job networking.service/start running (9s / 5min)
M[K[   [0;31m*[0;1;31m*[0m[0;31m*[0m] Job networking.service/start running (10s / 5min)
M[K[  [0;31m*[0;1;31m*[0m[0;31m* [0m] Job networking.service/start running (11s / 5min)
M[K[ [0;31m*[0;1;31m*[0m[0;31m*  [0m] Job networking.service/start running (11s / 5min)
M[K[[0;31m*[0;1;31m*[0m[0;31m*   [0m] Job networking.service/start running (12s / 5min)
M[K[[0;1;31m*[0m[0;31m*    [0m] Job networking.service/start running (12s / 5min)
M[K[[0;32m  OK  [0m] Finished [0;1;39mnetworking.service[0m - Raise network interfaces.
[K[[0;32m  OK  [0m] Reached target [0;1;39mnetwork.target[0m - Network.
[[0;32m  OK  [0m] Reached target [0;1;39mnetwork-online.target[0m - Network is Online.
         Starting [0;1;39mrc-local.service[0m - /etc/rc.local Compatibility...
         Starting [0;1;39mrpc-statd-notify.service[0m - Notify NFS peers of a restart...
         Starting [0;1;39mssh.service[0m - OpenBSD Secure Shell server...
         Starting [0;1;39msystemd-user-sessions.service[0m - Permit User Sessions...
[[0;32m  OK  [0m] Started [0;1;39mrc-local.service[0m - /etc/rc.local Compatibility.
[[0;32m  OK  [0m] Started [0;1;39mrpc-statd-notify.service[0m - Notify NFS peers of a restart.
[[0;32m  OK  [0m] Finished [0;1;39msystemd-user-sessions.service[0m - Permit User Sessions.
[[0;32m  OK  [0m] Started [0;1;39mgetty@tty1.service[0m - Getty on tty1.
[[0;32m  OK  [0m] Started [0;1;39mserial-getty@ttyS0.service[0m - Serial Getty on ttyS0.
[[0;32m  OK  [0m] Reached target [0;1;39mgetty.target[0m - Login Prompts.
[[0;32m  OK  [0m] Started [0;1;39mssh.service[0m - OpenBSD Secure Shell server.
[[0;32m  OK  [0m] Reached target [0;1;39mmulti-user.target[0m - Multi-User System.
[[0;32m  OK  [0m] Reached target [0;1;39mgraphical.target[0m - Graphical Interface.
[!p]104[?7h[6n[32766;32766H[6n[!p]104[?7h[6n[32766;32766H[6n
Debian GNU/Linux 13 node0 ttyS0

node0 login: [   44.177546] sched: DL replenish lagged too much
[  435.545929] ------------[ cut here ]------------
[  435.546332] WARNING: mm/huge_memory.c:2243 at zap_huge_pmd+0x3cf/0x430, CPU#0: osu_allgather/545
[  435.546995] Modules linked in: ib_core nd_pmem nd_btt dax_pmem kmem device_dax sunrpc binfmt_misc cfg80211 ppdev 8021q snd_pcm garp mrp stp llc snd_timer snd iTCO_wdt intel_pmc_bxt joydev soundcore iTCO_vendor_support vga16fb parport_pc i2c_i801 psmouse i2c_mux vgastate sha1_ssse3 pcspkr i2c_smbus parport bochs lpc_ich input_leds mac_hid serio_raw sch_fq_codel efi_pstore nfnetlink vsock_loopback vmw_vsock_virtio_transport_common vmw_vsock_vmci_transport vsock vmw_vmci dmi_sysfs qemu_fw_cfg ip_tables x_tables autofs4
[  435.550425] CPU: 0 UID: 0 PID: 545 Comm: osu_allgather Not tainted 6.16.0-rc7+ #3 PREEMPT(voluntary) 
[  435.551134] Hardware name: QEMU Standard PC (Q35 + ICH9, 2009), BIOS rel-1.17.0-0-gb52ca86e094d-prebuilt.qemu.org 04/01/2014
[  435.551979] RIP: 0010:zap_huge_pmd+0x3cf/0x430
[  435.552297] Code: 06 a8 40 0f 84 65 fd ff ff 48 8b 46 48 4c 8d 70 ff a8 01 4c 0f 44 f6 e9 52 fd ff ff 48 8b 7d d0 e8 36 46 e3 00 e9 32 fe ff ff <0f> 0b e9 77 fd ff ff bf 18 04 00 00 bb 03 00 00 00 e9 8f fd ff ff
[  435.553701] RSP: 0018:ffffc9000367b858 EFLAGS: 00010286
[  435.554100] RAX: 00000000ffffffff RBX: ffff88811267a1b8 RCX: 0000000000000000
[  435.554599] RDX: 0000000000000000 RSI: 0000000000000000 RDI: 0000000000000000
[  435.555130] RBP: ffffc9000367b8a0 R08: 0000000000000000 R09: 0000000000000000
[  435.555627] R10: 0000000000000000 R11: 0000000000000000 R12: ffff888117b35600
[  435.556135] R13: 8000000690a00ae7 R14: ffffea001a428000 R15: ffffc9000367baa0
[  435.556633] FS:  00007836d7a357c0(0000) GS:ffff8882f4059000(0000) knlGS:0000000000000000
[  435.557197] CS:  0010 DS: 0000 ES: 0000 CR0: 0000000080050033
[  435.557598] CR2: 000059d38a6c1008 CR3: 000000011b67c000 CR4: 00000000000406f0
[  435.558077] Call Trace:
[  435.558243]  <TASK>
[  435.558398]  unmap_page_range+0x1094/0x1820
[  435.558697]  ? refill_obj_stock+0x149/0x270
[  435.558977]  ? x2apic_send_IPI+0x51/0xa0
[  435.559235]  ? kvm_sched_clock_read+0x11/0x20
[  435.559525]  unmap_single_vma.isra.0+0x96/0x110
[  435.559832]  unmap_vmas+0x99/0x180
[  435.560062]  vms_clear_ptes.part.0+0xd2/0x160
[  435.560352]  vms_complete_munmap_vmas+0x174/0x1f0
[  435.560664]  do_vmi_align_munmap+0x1a3/0x230
[  435.560950]  do_vmi_munmap+0xd1/0x1b0
[  435.561189]  __vm_munmap+0xb8/0x190
[  435.561422]  ? ksys_write+0xcc/0xe0
[  435.561660]  __x64_sys_munmap+0x1b/0x30
[  435.561908]  x64_sys_call+0x17dd/0x2320
[  435.562166]  do_syscall_64+0x83/0x2f0
[  435.562415]  ? __handle_mm_fault+0xbaf/0x1020
[  435.562720]  ? count_memcg_events+0x190/0x270
[  435.563010]  ? handle_mm_fault+0x1e8/0x2f0
[  435.563282]  ? do_user_addr_fault+0x22b/0x6c0
[  435.563585]  ? irqentry_exit_to_user_mode+0x2e/0x230
[  435.563918]  ? irqentry_exit+0x43/0x50
[  435.564169]  ? exc_page_fault+0x8d/0x1a0
[  435.564427]  entry_SYSCALL_64_after_hwframe+0x76/0x7e
[  435.564750] RIP: 0033:0x7836d7f18779
[  435.564986] Code: ff c3 66 2e 0f 1f 84 00 00 00 00 00 0f 1f 44 00 00 48 89 f8 48 89 f7 48 89 d6 48 89 ca 4d 89 c2 4d 89 c8 4c 8b 4c 24 08 0f 05 <48> 3d 01 f0 ff ff 73 01 c3 48 8b 0d 4f 86 0d 00 f7 d8 64 89 01 48
[  435.566130] RSP: 002b:00007ffc37ec4508 EFLAGS: 00000246 ORIG_RAX: 000000000000000b
[  435.566600] RAX: ffffffffffffffda RBX: 00007836c6a00000 RCX: 00007836d7f18779
[  435.567052] RDX: 0000003f27fd2700 RSI: 000000000fa00000 RDI: 00007836c6a00000
[  435.567493] RBP: 000000000fa00000 R08: 0000000000000000 R09: 0000000000000000
[  435.567952] R10: 0000000000000000 R11: 0000000000000246 R12: 00007836d854c0db
[  435.568394] R13: 000059d36bf05f80 R14: 000059d36bf05580 R15: 00007ffc37ec45a8
[  435.568840]  </TASK>
[  435.568993] ---[ end trace 0000000000000000 ]---
qemu-system-x86_64: terminating on signal 15 from pid 1 (/sbin/init)
