[2026-08-07 05:20:53.537] [warning] [main_server.cc:756] Topology file topology.txt not found, using default topology
[2026-08-07 05:20:53.537] [info] [main_server.cc:788] ========================================
[2026-08-07 05:20:53.537] [info] [main_server.cc:789] CXLMemSim CXL Type3 Memory Server
[2026-08-07 05:20:53.537] [info] [main_server.cc:790] ========================================
[2026-08-07 05:20:53.537] [info] [main_server.cc:791] Server Configuration:
[2026-08-07 05:20:53.537] [info] [main_server.cc:796]   Communication Mode: TCP
[2026-08-07 05:20:53.537] [info] [main_server.cc:826]   Port: 9999
[2026-08-07 05:20:53.537] [info] [main_server.cc:827]   Topology: topology.txt
[2026-08-07 05:20:53.537] [info] [main_server.cc:828]   Capacity: 1024 MB
[2026-08-07 05:20:53.537] [info] [main_server.cc:833]   Backing Mode: POSIX shared memory
[2026-08-07 05:20:53.537] [info] [main_server.cc:844]   Default latency: 100 ns
[2026-08-07 05:20:53.537] [info] [main_server.cc:845]   Interleave size: 256 bytes
[2026-08-07 05:20:53.537] [info] [main_server.cc:846]   DCD: disabled
[2026-08-07 05:20:53.537] [info] [main_server.cc:847]   GFAM: disabled
[2026-08-07 05:20:53.537] [info] [main_server.cc:848] CXL Type3 Operations Supported:
[2026-08-07 05:20:53.537] [info] [main_server.cc:849]   - CXL_TYPE3_READ
[2026-08-07 05:20:53.537] [info] [main_server.cc:850]   - CXL_TYPE3_WRITE
[2026-08-07 05:20:53.537] [info] [main_server.cc:870] ========================================
[2026-08-07 05:20:53.537] [info] [shared_memory_manager.cc:47] SharedMemoryManager: Capacity 1024MB, Total size: 1073741824 bytes
[2026-08-07 05:20:53.537] [info] [main_server.cc:251] LSA initialized: 262144 bytes
[2026-08-07 05:20:53.537] [info] [shared_memory_manager.cc:166] Created new shared memory: /cxlmemsim_pgas
[2026-08-07 05:20:53.537] [info] [shared_memory_manager.cc:251] Mapped shared memory at address: 0x77fc36600000
[2026-08-07 05:20:53.537] [info] [shared_memory_manager.cc:284] Initialized header: 16777215 cachelines available
[2026-08-07 05:20:53.537] [info] [shared_memory_manager.cc:285] Base address: 0x0 (0 = accept any address)
[2026-08-07 05:20:53.537] [info] [shared_memory_manager.cc:298] Preserving existing data in shared memory
[2026-08-07 05:20:53.537] [info] [shared_memory_manager.cc:310] Initialized data area: 1073741768 bytes
[2026-08-07 05:20:53.537] [info] [shared_memory_manager.cc:115] SharedMemoryManager initialized successfully
[2026-08-07 05:20:53.537] [info] [shared_memory_manager.cc:116]   Shared memory: /cxlmemsim_pgas
[2026-08-07 05:20:53.537] [info] [shared_memory_manager.cc:117]   Size: 1024 MB
[2026-08-07 05:20:53.537] [info] [shared_memory_manager.cc:122]   Base address: 0x0
[2026-08-07 05:20:53.537] [info] [shared_memory_manager.cc:123]   Cachelines: 16777215
[2026-08-07 05:20:53.537] [info] [main_server.cc:1003] Shared memory initialized:
[2026-08-07 05:20:53.537] [info] [main_server.cc:1004]   Name: /cxlmemsim_pgas
[2026-08-07 05:20:53.537] [info] [main_server.cc:1005]   Size: 1073741824 bytes
[2026-08-07 05:20:53.537] [info] [main_server.cc:1006]   Base address: 0x0
[2026-08-07 05:20:53.537] [info] [main_server.cc:1007]   Cachelines: 16777215
[2026-08-07 05:20:53.537] [info] [main_server.cc:1034] >>> TCP mode: Initializing TCP socket <<<
[2026-08-07 05:20:53.537] [info] [main_server.cc:1070] Server listening on TCP port 9999
[2026-08-07 05:20:53.537] [info] [main_server.cc:1087] Running in TCP mode
[2026-08-07 05:55:43.288] [info] [main_server.cc:1165] Server Statistics:
[2026-08-07 05:55:43.288] [info] [main_server.cc:1166]   Total Reads: 0
[2026-08-07 05:55:43.288] [info] [main_server.cc:1167]   Total Writes: 0
[2026-08-07 05:55:43.288] [info] [main_server.cc:1168]   Atomic FAA: 0
[2026-08-07 05:55:43.288] [info] [main_server.cc:1169]   Atomic CAS: 0 (success: 0)
[2026-08-07 05:55:43.288] [info] [main_server.cc:1170]   Fences: 0
[2026-08-07 05:55:43.288] [info] [main_server.cc:1171]   Coherency Invalidations: 0
[2026-08-07 05:55:43.288] [info] [main_server.cc:1172]   Coherency Downgrades: 0
[2026-08-07 05:55:43.288] [info] [main_server.cc:1173]   Back Invalidations: 0
CXLController:
Configured memory capacity: 2048GB
  Local memory capacity: 1024GB
  CXL expander capacity: 1024GB
  Page Type: PAGE
  Global Counter:
    Local: 0
    Remote: 0
    HITM: 0
Topology:
Switch id=0:
  Events:
    Load: 0
    Store: 0
    Conflict: 0
  Expander endpoint=1 internal_id=0 capacity=1024GB read_bw=25GB/s write_bw=25GB/s read_lat=100ns write_lat=150ns:
    Events:
      Load: 0
      Store: 0
      Migrate in: 0
      Migrate out: 0
      Hit Old: 0

Statistics:
  Number of Switches: 1
  Number of Endpoints: 1
  Number of Threads created: 0
  Memory Freed: 0 bytes

